 KRNL32

 Timestamp is 5af80ea8 (Sun May 13 14:08:40 2018)

 Preferred load address is c0000000

 Start         Length     Name                   Class
 0001:00000000 00001c41H .text$mn                CODE
 0002:00000000 00000684H .rdata                  DATA
 0002:00000684 00000108H .rdata$zzzdbg           DATA
 0003:00000000 00000004H .CRT$XCA                DATA
 0003:00000004 00000004H .CRT$XCZ                DATA
 0003:00000008 00000170H .data                   DATA
 0003:00000178 000008a6H .bss                    DATA
 0004:00000000 00000060H .rsrc$01                DATA
 0004:00000060 000003c0H .rsrc$02                DATA

  Address         Publics by Value              Rva+Base       Lib:Object

 0000:00000000       ___hybrid_code_map_count   00000000     <absolute>
 0000:00000000       ___guard_longjmp_table     00000000     <absolute>
 0000:00000000       ___guard_fids_count        00000000     <absolute>
 0000:00000000       ___guard_iat_table         00000000     <absolute>
 0000:00000000       ___guard_iat_count         00000000     <absolute>
 0000:00000000       ___hybrid_code_map         00000000     <absolute>
 0000:00000000       ___guard_flags             00000000     <absolute>
 0000:00000000       ___hybrid_auxiliary_iat    00000000     <absolute>
 0000:00000000       ___guard_longjmp_count     00000000     <absolute>
 0000:00000000       ___guard_fids_table        00000000     <absolute>
 0000:00000000       ___enclave_config          00000000     <absolute>
 0000:00000000       ___safe_se_handler_table   00000000     <absolute>
 0000:00000000       ___dynamic_value_reloc_table 00000000     <absolute>
 0000:00000000       ___safe_se_handler_count   00000000     <absolute>
 0001:00000000       ?DebugClrScr@@YAXE@Z       c0000400 f   DebugDisplay.obj
 0001:00000040       ?DebugGetHorz@@YAHXZ       c0000440 f   DebugDisplay.obj
 0001:00000050       ?DebugGetXY@@YAXPAI0@Z     c0000450 f   DebugDisplay.obj
 0001:00000080       ?DebugGotoXY@@YAXII@Z      c0000480 f   DebugDisplay.obj
 0001:000000c0       ?DebugPrintf@@YAHPBDZZ     c00004c0 f   DebugDisplay.obj
 0001:000001e0       ?DebugPutc@@YAXE@Z         c00005e0 f   DebugDisplay.obj
 0001:00000340       ?DebugPuts@@YAXPAD@Z       c0000740 f   DebugDisplay.obj
 0001:000004e0       ?DebugSetColor@@YAII@Z     c00008e0 f   DebugDisplay.obj
 0001:00000500       ?itoa_s@@YAXHIPAD@Z        c0000900 f   DebugDisplay.obj
 0001:00000570       ?kernel_entry@@YAXPAUmultiboot_info@@@Z c0000970 f   entry.obj
 0001:000005b0       ?alignment_check_fault@@YAXIIII@Z c00009b0 f   exception.obj
 0001:000005d0       ?bounds_check_fault@@YAXIII@Z c00009d0 f   exception.obj
 0001:000005f0       ?breakpoint_trap@@YAXIII@Z c00009f0 f   exception.obj
 0001:00000610       ?divide_by_zero_fault@@YAXIIII@Z c0000a10 f   exception.obj
 0001:00000640       ?double_fault_abort@@YAXIIII@Z c0000a40 f   exception.obj
 0001:00000660       ?fpu_fault@@YAXIII@Z       c0000a60 f   exception.obj
 0001:00000680       ?general_protection_fault@@YAXIIII@Z c0000a80 f   exception.obj
 0001:000006a0       ?invalid_opcode_fault@@YAXIII@Z c0000aa0 f   exception.obj
 0001:000006c0       ?invalid_tss_fault@@YAXIIII@Z c0000ac0 f   exception.obj
 0001:000006e0       ?machine_check_abort@@YAXIII@Z c0000ae0 f   exception.obj
 0001:00000700       ?nmi_trap@@YAXIII@Z        c0000b00 f   exception.obj
 0001:00000720       ?no_device_fault@@YAXIII@Z c0000b20 f   exception.obj
 0001:00000740       ?no_segment_fault@@YAXIIII@Z c0000b40 f   exception.obj
 0001:00000760       ?overflow_trap@@YAXIII@Z   c0000b60 f   exception.obj
 0001:00000780       ?page_fault@@YAXIIII@Z     c0000b80 f   exception.obj
 0001:000007a0       ?simd_fpu_fault@@YAXIII@Z  c0000ba0 f   exception.obj
 0001:000007c0       ?single_step_trap@@YAXIII@Z c0000bc0 f   exception.obj
 0001:000007e0       ?stack_fault@@YAXIIII@Z    c0000be0 f   exception.obj
 0001:00000800       ?kmain@@YAHPAUmultiboot_info@@@Z c0000c00 f   main.obj
 0001:00000b40       ?mmap_first_free@@YAHXZ    c0000f40 f   mmngr_phys.obj
 0001:00000b90       ?pmmngr_alloc_block@@YAPAXXZ c0000f90 f   mmngr_phys.obj
 0001:00000c00       ?pmmngr_alloc_blocks@@YAPAXI@Z c0001000 f   mmngr_phys.obj
 0001:00000d70       ?pmmngr_deinit_region@@YAXII@Z c0001170 f   mmngr_phys.obj
 0001:00000dd0       ?pmmngr_init@@YAXII@Z      c00011d0 f   mmngr_phys.obj
 0001:00000e10       ?pmmngr_init_region@@YAXII@Z c0001210 f   mmngr_phys.obj
 0001:00000e80       ?pmmngr_load_PDBR@@YAXI@Z  c0001280 f   mmngr_phys.obj
 0001:00000e90       ?pmmngr_paging_enable@@YAX_N@Z c0001290 f   mmngr_phys.obj
 0001:00000ec0       ?vmmngr_initialize@@YAXXZ  c00012c0 f   mmngr_virtual.obj
 0001:00001010       ?kernel_panic@@YAXPBDZZ    c0001410 f   panic.obj
 0001:00001060       ?pd_entry_add_attrib@@YAXPAII@Z c0001460 f i vmmngr_pde.obj
 0001:00001060       ?pt_entry_add_attrib@@YAXPAII@Z c0001460 f i vmmngr_pte.obj
 0001:00001070       ?pt_entry_set_frame@@YAXPAII@Z c0001470 f i vmmngr_pte.obj
 0001:00001070       ?pd_entry_set_frame@@YAXPAII@Z c0001470 f i vmmngr_pde.obj
 0001:00001090       ?i86_kybrd_irq@@YAXXZ      c0001490 f   keyboard:kybrd.obj
 0001:00001270       ?kkybrd_discard_last_key@@YAXXZ c0001670 f   keyboard:kybrd.obj
 0001:00001280       ?kkybrd_get_last_key@@YA?AW4KEYCODE@@XZ c0001680 f   keyboard:kybrd.obj
 0001:000012a0       ?kkybrd_install@@YAXH@Z    c00016a0 f   keyboard:kybrd.obj
 0001:00001330       ?kkybrd_key_to_ascii@@YADW4KEYCODE@@@Z c0001730 f   keyboard:kybrd.obj
 0001:000014c0       ?kkybrd_set_leds@@YAX_N00@Z c00018c0 f   keyboard:kybrd.obj
 0001:00001510       ?memset@@YAPAXPAXDI@Z      c0001910 f   Lib:string.obj
 0001:00001530       ?strcmp@@YAHPBD0@Z         c0001930 f   Lib:string.obj
 0001:00001580       ?strcpy@@YAPADPADPBD@Z     c0001980 f   Lib:string.obj
 0001:000015a0       ?strlen@@YAIPBD@Z          c00019a0 f   Lib:string.obj
 0001:000015b0       ?Exit@@YAXXZ               c00019b0 f   Lib:cstd.obj
 0001:000015f0       ?InitializeConstructors@@YAXXZ c00019f0 f   Lib:cstd.obj
 0001:00001630       ?hal_initialize@@YAHXZ     c0001a30 f   Hal:Hal.obj
 0001:00001660       ?hal_shutdown@@YAHXZ       c0001a60 f   Hal:Hal.obj
 0001:00001670       ?enable@@YAXXZ             c0001a70 f   Hal:Hal.obj
 0001:00001680       ?disable@@YAXXZ            c0001a80 f   Hal:Hal.obj
 0001:00001690       ?geninterrupt@@YAXH@Z      c0001a90 f   Hal:Hal.obj
 0001:000016b0       ?inportb@@YAEG@Z           c0001ab0 f   Hal:Hal.obj
 0001:000016c0       ?outportb@@YAXGE@Z         c0001ac0 f   Hal:Hal.obj
 0001:000016d0       ?setvect@@YAXHA6AXXZ@Z     c0001ad0 f   Hal:Hal.obj
 0001:000016f0       ?getvect@@YAP6AXXZH@Z      c0001af0 f   Hal:Hal.obj
 0001:00001710       ?sound@@YAXI@Z             c0001b10 f   Hal:Hal.obj
 0001:00001730       ?get_cpu_vender@@YAPBDXZ   c0001b30 f   Hal:Hal.obj
 0001:00001740       ?get_tick_count@@YAHXZ     c0001b40 f   Hal:Hal.obj
 0001:00001750       ?interruptdone@@YAXI@Z     c0001b50 f i Hal:Hal.obj
 0001:00001780       ?i86_cpu_initialize@@YAHXZ c0001b80 f   Hal:cpu.obj
 0001:000017a0       ?i86_cpu_shutdown@@YAXXZ   c0001ba0 f   Hal:cpu.obj
 0001:000017b0       ?i86_cpu_get_vender@@YAPADXZ c0001bb0 f   Hal:cpu.obj
 0001:000017e0       ?i86_cpu_flush_caches@@YAXXZ c0001be0 f   Hal:cpu.obj
 0001:000017f0       ?i86_cpu_flush_caches_write@@YAXXZ c0001bf0 f   Hal:cpu.obj
 0001:00001800       ?i86_cpu_flush_tlb_entry@@YAXI@Z c0001c00 f   Hal:cpu.obj
 0001:00001810       ?i86_pic_initialize@@YAXEE@Z c0001c10 f   Hal:pic.obj
 0001:00001880       ?i86_pic_send_command@@YAXEE@Z c0001c80 f i Hal:pic.obj
 0001:000018b0       ?i86_pit_send_command@@YAXE@Z c0001cb0 f   Hal:pit.obj
 0001:000018c0       ?i86_pit_send_data@@YAXGE@Z c0001cc0 f   Hal:pit.obj
 0001:00001900       ?i86_pit_read_data@@YAEG@Z c0001d00 f   Hal:pit.obj
 0001:00001930       ?i86_pit_set_tick_count@@YAII@Z c0001d30 f   Hal:pit.obj
 0001:00001940       ?i86_pit_get_tick_count@@YAIXZ c0001d40 f   Hal:pit.obj
 0001:00001950       ?i86_pit_start_counter@@YAXIEE@Z c0001d50 f   Hal:pit.obj
 0001:000019b0       ?i86_pit_initialize@@YAXXZ c0001db0 f   Hal:pit.obj
 0001:000019d0       ?i86_pit_is_initialized@@YA_NXZ c0001dd0 f   Hal:pit.obj
 0001:000019e0       ?i86_pit_irq@@YAXXZ        c0001de0 f   Hal:pit.obj
 0001:00001a10       ?i86_get_ir@@YAPAUidt_descriptor@@I@Z c0001e10 f   Hal:idt.obj
 0001:00001a30       ?i86_install_ir@@YAHIGGP6AXXZ@Z c0001e30 f   Hal:idt.obj
 0001:00001a80       ?i86_idt_initialize@@YAHG@Z c0001e80 f   Hal:idt.obj
 0001:00001b10       ?gdt_set_descriptor@@YAXI_K0EE@Z c0001f10 f   Hal:gdt.obj
 0001:00001ba0       ?i86_gdt_get_descriptor@@YAPAUgdt_descriptor@@H@Z c0001fa0 f   Hal:gdt.obj
 0001:00001bc0       ?i86_gdt_initialize@@YAHXZ c0001fc0 f   Hal:gdt.obj
 0002:00000000       __xmm@00200020002000200020002000200020 c0002200     DebugDisplay.obj
 0003:00000000       ?__xc_a@@3PAP6AXXZA        c0002a00     Lib:cstd.obj
 0003:00000004       ?__xc_z@@3PAP6AXXZA        c0002a04     Lib:cstd.obj
 0003:00000008       ?video_memory@@3PAGA       c0002a08     DebugDisplay.obj
 0003:0000000c       ?bchars@@3PADA             c0002a0c     DebugDisplay.obj
 0003:0000016c       __fltused                  c0002b6c     Lib:cstd.obj
 0003:00000178       ?cursor_x@@3EA             c0002b78     DebugDisplay.obj
 0003:00000179       ?cursor_y@@3EA             c0002b79     DebugDisplay.obj
 0003:0000017a       ?_color@@3EA               c0002b7a     DebugDisplay.obj
 0003:0000017c       ?tbuf@@3PADA               c0002b7c     DebugDisplay.obj
 0003:0000019c       ?kernelSize@@3IA           c0002b9c     main.obj
 0003:000001a0       ?ticks@@3HA                c0002ba0     main.obj
 0003:000001b4       ?_cur_directory@@3PAUpdirectory@@A c0002bb4     mmngr_virtual.obj
 0003:000001b8       ?_cur_pdbr@@3IA            c0002bb8     mmngr_virtual.obj

 entry point at        0001:00000570

 Static symbols

 0001:000001a4       $LN28                      c00005a4     DebugDisplay.obj
 0001:000001b8       $LN22                      c00005b8     DebugDisplay.obj
 0001:00001230       $LN35                      c0001630     keyboard:kybrd.obj
 0001:0000124c       $LN36                      c000164c     keyboard:kybrd.obj
 0001:00001260       $LN32                      c0001660     keyboard:kybrd.obj
 0001:0000142c       $LN38                      c000182c     keyboard:kybrd.obj
 0001:00001454       $LN39                      c0001854     keyboard:kybrd.obj
 0001:00001484       $LN35                      c0001884     keyboard:kybrd.obj
 0001:00001b00       ?i86_default_handler@@YAXXZ c0001f00 f   Hal:idt.obj
 0002:00000010       $SG2761                    c0002210     entry.obj
 0002:00000048       $SG2814                    c0002248     exception.obj
 0002:00000090       $SG2823                    c0002290     exception.obj
 0002:0000009c       $SG2832                    c000229c     exception.obj
 0002:000000a8       $SG2841                    c00022a8     exception.obj
 0002:000000b8       $SG2850                    c00022b8     exception.obj
 0002:000000c8       $SG2859                    c00022c8     exception.obj
 0002:000000dc       $SG2868                    c00022dc     exception.obj
 0002:000000ec       $SG2877                    c00022ec     exception.obj
 0002:00000100       $SG2887                    c0002300     exception.obj
 0002:00000110       $SG2897                    c0002310     exception.obj
 0002:0000011c       $SG2907                    c000231c     exception.obj
 0002:0000012c       $SG2917                    c000232c     exception.obj
 0002:00000138       $SG2927                    c0002338     exception.obj
 0002:00000154       $SG2942                    c0002354     exception.obj
 0002:00000160       $SG2952                    c0002360     exception.obj
 0002:00000170       $SG2961                    c0002370     exception.obj
 0002:00000180       $SG2970                    c0002380     exception.obj
 0002:00000190       $SG3260                    c0002390     main.obj
 0002:0000019c       $SG3285                    c000239c     main.obj
 0002:000001a4       $SG3288                    c00023a4     main.obj
 0002:000001a8       $SG3291                    c00023a8     main.obj
 0002:000001b0       $SG3292                    c00023b0     main.obj
 0002:000001e4       $SG3293                    c00023e4     main.obj
 0002:00000214       $SG3294                    c0002414     main.obj
 0002:0000022c       $SG3295                    c000242c     main.obj
 0002:00000254       $SG3296                    c0002454     main.obj
 0002:00000270       $SG3297                    c0002470     main.obj
 0002:00000290       $SG3298                    c0002490     main.obj
 0002:000002a0       $SG3311                    c00024a0     main.obj
 0002:000002bc       $SG3312                    c00024bc     main.obj
 0002:000002f4       $SG3313                    c00024f4     main.obj
 0002:00000330       $SG3314                    c0002530     main.obj
 0002:00000358       $SG2762                    c0002558     panic.obj
 0002:000004f0       $SG2776                    c00026f0     panic.obj
 0002:00000614       $SG2777                    c0002814     panic.obj
 0003:0000001c       ?sickpc@@3PADA             c0002a1c     panic.obj
 0003:00000020       ?_kkybrd_scancode_std@@3PAHA c0002a20     keyboard:kybrd.obj
 0003:00000170       ?max_atexitlist_entries@@3IA c0002b70     Lib:cstd.obj
 0003:000001a4       ?_mmngr_memory_size@@3IA   c0002ba4     mmngr_phys.obj
 0003:000001a8       ?_mmngr_used_blocks@@3IA   c0002ba8     mmngr_phys.obj
 0003:000001ac       ?_mmngr_max_blocks@@3IA    c0002bac     mmngr_phys.obj
 0003:000001b0       ?_mmngr_memory_map@@3PAIA  c0002bb0     mmngr_phys.obj
 0003:000001bc       ?_scancode@@3DA            c0002bbc     keyboard:kybrd.obj
 0003:000001bd       ?_numlock@@3_NA            c0002bbd     keyboard:kybrd.obj
 0003:000001be       ?_scrolllock@@3_NA         c0002bbe     keyboard:kybrd.obj
 0003:000001bf       ?_capslock@@3_NA           c0002bbf     keyboard:kybrd.obj
 0003:000001c0       ?_shift@@3_NA              c0002bc0     keyboard:kybrd.obj
 0003:000001c1       ?_alt@@3_NA                c0002bc1     keyboard:kybrd.obj
 0003:000001c2       ?_ctrl@@3_NA               c0002bc2     keyboard:kybrd.obj
 0003:000001c3       ?_kkybrd_bat_res@@3_NA     c0002bc3     keyboard:kybrd.obj
 0003:000001c4       ?_kkybrd_diag_res@@3_NA    c0002bc4     keyboard:kybrd.obj
 0003:000001c5       ?_kkybrd_resend_res@@3_NA  c0002bc5     keyboard:kybrd.obj
 0003:000001c6       ?_kkybrd_disable@@3_NA     c0002bc6     keyboard:kybrd.obj
 0003:000001c7       ?_extended@?1??i86_kybrd_irq@@YAXXZ@4_NA c0002bc7     keyboard:kybrd.obj
 0003:000001c8       ?pf_atexitlist@@3PAP6AXXZA c0002bc8     Lib:cstd.obj
 0003:000001cc       ?cur_atexitlist_entries@@3IA c0002bcc     Lib:cstd.obj
 0003:000001d0       ?vender@?1??i86_cpu_get_vender@@YAPADXZ@4PADA c0002bd0     Hal:cpu.obj
 0003:000001f0       ?_pit_ticks@@3IC           c0002bf0     Hal:pit.obj
 0003:000001f4       ?_pit_bIsInit@@3_NA        c0002bf4     Hal:pit.obj
 0003:000001f8       ?_idt@@3PAUidt_descriptor@@A c0002bf8     Hal:idt.obj
 0003:000009f8       ?_idtr@@3Uidtr@@A          c00033f8     Hal:idt.obj
 0003:00000a00       ?_gdt@@3PAUgdt_descriptor@@A c0003400     Hal:gdt.obj
 0003:00000a18       ?_gdtr@@3Ugdtr@@A          c0003418     Hal:gdt.obj
 0004:00000060       $R000000                   c0003660     Resource.res
