 KRNL32

 Timestamp is 5af29320 (Wed May  9 10:20:16 2018)

 Preferred load address is 00100000

 Start         Length     Name                   Class
 0001:00000000 00001651H .text$mn                CODE
 0002:00000000 00000924H .rdata                  DATA
 0002:00000924 00000108H .rdata$zzzdbg           DATA
 0003:00000000 00000004H .CRT$XCA                DATA
 0003:00000004 00000004H .CRT$XCZ                DATA
 0003:00000008 00000038H .data                   DATA
 0003:00000040 0000086eH .bss                    DATA
 0004:00000000 00000060H .rsrc$01                DATA
 0004:00000060 00000320H .rsrc$02                DATA

  Address         Publics by Value              Rva+Base       Lib:Object

 0000:00000000       ___enclave_config          00000000     <absolute>
 0000:00000000       ___hybrid_code_map_count   00000000     <absolute>
 0000:00000000       ___guard_fids_table        00000000     <absolute>
 0000:00000000       ___hybrid_code_map         00000000     <absolute>
 0000:00000000       ___guard_flags             00000000     <absolute>
 0000:00000000       ___guard_fids_count        00000000     <absolute>
 0000:00000000       ___hybrid_auxiliary_iat    00000000     <absolute>
 0000:00000000       ___guard_longjmp_count     00000000     <absolute>
 0000:00000000       ___guard_longjmp_table     00000000     <absolute>
 0000:00000000       ___safe_se_handler_table   00000000     <absolute>
 0000:00000000       ___guard_iat_count         00000000     <absolute>
 0000:00000000       ___guard_iat_table         00000000     <absolute>
 0000:00000000       ___safe_se_handler_count   00000000     <absolute>
 0000:00000000       ___dynamic_value_reloc_table 00000000     <absolute>
 0001:00000000       ?DebugUpdateCur@@YAXHH@Z   00100400 f   DebugDisplay.obj
 0001:00000010       ?DebugPutc@@YAXE@Z         00100410 f   DebugDisplay.obj
 0001:000000b0       ?itoa@@YAXIIPAD@Z          001004b0 f   DebugDisplay.obj
 0001:00000110       ?itoa_s@@YAXHIPAD@Z        00100510 f   DebugDisplay.obj
 0001:00000180       ?DebugSetColor@@YAII@Z     00100580 f   DebugDisplay.obj
 0001:000001a0       ?DebugGotoXY@@YAXII@Z      001005a0 f   DebugDisplay.obj
 0001:000001e0       ?DebugClrScr@@YAXE@Z       001005e0 f   DebugDisplay.obj
 0001:00000220       ?DebugPuts@@YAXPAD@Z       00100620 f   DebugDisplay.obj
 0001:000002f0       ?DebugPrintf@@YAHPBDZZ     001006f0 f   DebugDisplay.obj
 0001:00000410       ?kernel_entry@@YAXPAUmultiboot_info@@@Z 00100810 f   entry.obj
 0001:00000450       ?divide_by_zero_fault@@YAXIII@Z 00100850 f   exception.obj
 0001:00000480       ?single_step_trap@@YAXIII@Z 00100880 f   exception.obj
 0001:000004b0       ?nmi_trap@@YAXIII@Z        001008b0 f   exception.obj
 0001:000004e0       ?breakpoint_trap@@YAXIII@Z 001008e0 f   exception.obj
 0001:00000510       ?overflow_trap@@YAXIII@Z   00100910 f   exception.obj
 0001:00000540       ?bounds_check_fault@@YAXIII@Z 00100940 f   exception.obj
 0001:00000570       ?invalid_opcode_fault@@YAXIII@Z 00100970 f   exception.obj
 0001:000005a0       ?no_device_fault@@YAXIII@Z 001009a0 f   exception.obj
 0001:000005d0       ?double_fault_abort@@YAXIIII@Z 001009d0 f   exception.obj
 0001:00000600       ?invalid_tss_fault@@YAXIIII@Z 00100a00 f   exception.obj
 0001:00000630       ?no_segment_fault@@YAXIIII@Z 00100a30 f   exception.obj
 0001:00000660       ?stack_fault@@YAXIIII@Z    00100a60 f   exception.obj
 0001:00000690       ?general_protection_fault@@YAXIIII@Z 00100a90 f   exception.obj
 0001:000006c0       ?page_fault@@YAXIIII@Z     00100ac0 f   exception.obj
 0001:00000700       ?fpu_fault@@YAXIII@Z       00100b00 f   exception.obj
 0001:00000730       ?alignment_check_fault@@YAXIIII@Z 00100b30 f   exception.obj
 0001:00000760       ?machine_check_abort@@YAXIII@Z 00100b60 f   exception.obj
 0001:00000790       ?simd_fpu_fault@@YAXIII@Z  00100b90 f   exception.obj
 0001:000007c0       ?kmain@@YAHPAUmultiboot_info@@@Z 00100bc0 f   main.obj
 0001:00000a50       ?pmmngr_init@@YAXII@Z      00100e50 f   mmngr_phys.obj
 0001:00000a90       ?pmmngr_init_region@@YAXII@Z 00100e90 f   mmngr_phys.obj
 0001:00000b00       ?pmmngr_deinit_region@@YAXII@Z 00100f00 f   mmngr_phys.obj
 0001:00000b60       ?pmmngr_alloc_block@@YAPAXXZ 00100f60 f   mmngr_phys.obj
 0001:00000bc0       ?pmmngr_free_block@@YAXPAX@Z 00100fc0 f   mmngr_phys.obj
 0001:00000c00       ?pmmngr_alloc_blocks@@YAPAXI@Z 00101000 f   mmngr_phys.obj
 0001:00000d70       ?pmmngr_free_blocks@@YAXPAXI@Z 00101170 f   mmngr_phys.obj
 0001:00000dd0       ?pmmngr_get_memory_size@@YAIXZ 001011d0 f   mmngr_phys.obj
 0001:00000de0       ?pmmngr_get_use_block_count@@YAIXZ 001011e0 f   mmngr_phys.obj
 0001:00000df0       ?pmmngr_get_free_block_count@@YAIXZ 001011f0 f   mmngr_phys.obj
 0001:00000e00       ?pmmngr_get_block_count@@YAIXZ 00101200 f   mmngr_phys.obj
 0001:00000e10       ?pmmngr_get_block_size@@YAIXZ 00101210 f   mmngr_phys.obj
 0001:00000e20       ?pmmngr_paging_enable@@YAX_N@Z 00101220 f   mmngr_phys.obj
 0001:00000e50       ?pmmngr_is_paging@@YA_NXZ  00101250 f   mmngr_phys.obj
 0001:00000e70       ?pmmngr_load_PDBR@@YAXI@Z  00101270 f   mmngr_phys.obj
 0001:00000e80       ?pmmngr_get_PDBR@@YAIXZ    00101280 f   mmngr_phys.obj
 0001:00000e90       ?mmap_first_free@@YAHXZ    00101290 f   mmngr_phys.obj
 0001:00000ee0       ?mmap_first_free_s@@YAHI@Z 001012e0 f   mmngr_phys.obj
 0001:00000fe0       ?kernel_panic@@YAXPBDZZ    001013e0 f   panic.obj
 0001:00001050       ?memset@@YAPAXPAXDI@Z      00101450 f   Lib:string.obj
 0001:00001070       ?strcpy@@YAPADPADPBD@Z     00101470 f   Lib:string.obj
 0001:00001090       ?strlen@@YAIPBD@Z          00101490 f   Lib:string.obj
 0001:000010a0       ?Exit@@YAXXZ               001014a0 f   Lib:cstd.obj
 0001:000010e0       ?InitializeConstructors@@YAXXZ 001014e0 f   Lib:cstd.obj
 0001:00001120       ?vsprintf@@YAHPADPBDPAE@Z  00101520 f   Lib:stdio.obj
 0001:000012d0       ?disable@@YAXXZ            001016d0 f   Hal:Hal.obj
 0001:000012e0       ?enable@@YAXXZ             001016e0 f   Hal:Hal.obj
 0001:000012f0       ?hal_initialize@@YAHXZ     001016f0 f   Hal:Hal.obj
 0001:00001320       ?interruptdone@@YAXI@Z     00101720 f i Hal:Hal.obj
 0001:00001350       ?outportb@@YAXGE@Z         00101750 f   Hal:Hal.obj
 0001:00001360       ?setvect@@YAXHA6AXXZ@Z     00101760 f   Hal:Hal.obj
 0001:00001380       ?i86_cpu_initialize@@YAHXZ 00101780 f   Hal:cpu.obj
 0001:000013a0       ?i86_pic_initialize@@YAXEE@Z 001017a0 f   Hal:pic.obj
 0001:00001410       ?i86_pic_send_command@@YAXEE@Z 00101810 f i Hal:pic.obj
 0001:00001440       ?i86_pit_initialize@@YAXXZ 00101840 f   Hal:pit.obj
 0001:00001460       ?i86_pit_irq@@YAXXZ        00101860 f   Hal:pit.obj
 0001:00001490       ?i86_pit_start_counter@@YAXIEE@Z 00101890 f   Hal:pit.obj
 0001:00001500       ?i86_idt_initialize@@YAHG@Z 00101900 f   Hal:idt.obj
 0001:00001580       ?i86_install_ir@@YAHIGGP6AXXZ@Z 00101980 f   Hal:idt.obj
 0001:000015d0       ?i86_gdt_initialize@@YAHXZ 001019d0 f   Hal:gdt.obj
 0003:00000000       ?__xc_a@@3PAP6AXXZA        00102800     Lib:cstd.obj
 0003:00000004       ?__xc_z@@3PAP6AXXZA        00102804     Lib:cstd.obj
 0003:00000008       ?video_memory@@3PAGA       00102808     DebugDisplay.obj
 0003:0000000c       ?bchars@@3PADA             0010280c     DebugDisplay.obj
 0003:0000001c       ?strMemoryTypes@@3PAPADA   0010281c     main.obj
 0003:00000034       __fltused                  00102834     Lib:cstd.obj
 0003:00000040       ?cursor_x@@3EA             00102840     DebugDisplay.obj
 0003:00000041       ?cursor_y@@3EA             00102841     DebugDisplay.obj
 0003:00000042       ?_color@@3EA               00102842     DebugDisplay.obj
 0003:00000044       ?tbuf@@3PADA               00102844     DebugDisplay.obj

 entry point at        0001:00000410

 Static symbols

 0001:000003d4       $LN28                      001007d4     DebugDisplay.obj
 0001:000003e8       $LN22                      001007e8     DebugDisplay.obj
 0001:00001290       $LN26                      00101690     Lib:stdio.obj
 0001:000012a4       $LN22                      001016a4     Lib:stdio.obj
 0001:000014f0       ?i86_default_handler@@YAXXZ 001018f0 f   Hal:idt.obj
 0002:00000000       $SG2812                    00101c00     exception.obj
 0002:0000003c       $SG2821                    00101c3c     exception.obj
 0002:00000078       $SG2830                    00101c78     exception.obj
 0002:000000b0       $SG2839                    00101cb0     exception.obj
 0002:000000f0       $SG2848                    00101cf0     exception.obj
 0002:00000130       $SG2857                    00101d30     exception.obj
 0002:00000174       $SG2866                    00101d74     exception.obj
 0002:000001b8       $SG2875                    00101db8     exception.obj
 0002:00000200       $SG2885                    00101e00     exception.obj
 0002:0000023c       $SG2895                    00101e3c     exception.obj
 0002:00000278       $SG2905                    00101e78     exception.obj
 0002:000002b8       $SG2915                    00101eb8     exception.obj
 0002:000002f8       $SG2925                    00101ef8     exception.obj
 0002:00000340       $SG2936                    00101f40     exception.obj
 0002:00000374       $SG2945                    00101f74     exception.obj
 0002:000003ac       $SG2955                    00101fac     exception.obj
 0002:000003ec       $SG2964                    00101fec     exception.obj
 0002:00000428       $SG2973                    00102028     exception.obj
 0002:00000468       $SG2898                    00102068     main.obj
 0002:00000474       $SG2899                    00102074     main.obj
 0002:00000480       $SG2900                    00102080     main.obj
 0002:00000490       $SG2901                    00102090     main.obj
 0002:000004a0       $SG2954                    001020a0     main.obj
 0002:000004f8       $SG2955                    001020f8     main.obj
 0002:00000550       $SG2956                    00102150     main.obj
 0002:00000594       $SG2957                    00102194     main.obj
 0002:000005ac       $SG2960                    001021ac     main.obj
 0002:000005f0       $SG2962                    001021f0     main.obj
 0002:00000650       $SG2963                    00102250     main.obj
 0002:00000668       $SG2964                    00102268     main.obj
 0002:0000068c       $SG2965                    0010228c     main.obj
 0002:000006c8       $SG2757                    001022c8     panic.obj
 0002:00000860       $SG2759                    00102460     panic.obj
 0002:000008bc       $SG2771                    001024bc     panic.obj
 0003:0000002c       ?sickpc@@3PADA             0010282c     panic.obj
 0003:00000030       ?disc@@3PADA               00102830     panic.obj
 0003:00000038       ?max_atexitlist_entries@@3IA 00102838     Lib:cstd.obj
 0003:00000064       ?_mmngr_memory_size@@3IA   00102864     mmngr_phys.obj
 0003:00000068       ?_mmngr_used_blocks@@3IA   00102868     mmngr_phys.obj
 0003:0000006c       ?_mmngr_max_blocks@@3IA    0010286c     mmngr_phys.obj
 0003:00000070       ?_mmngr_memory_map@@3PAIA  00102870     mmngr_phys.obj
 0003:00000074       ?pf_atexitlist@@3PAP6AXXZA 00102874     Lib:cstd.obj
 0003:00000078       ?cur_atexitlist_entries@@3IA 00102878     Lib:cstd.obj
 0003:0000007c       ?_pit_ticks@@3IC           0010287c     Hal:pit.obj
 0003:00000080       ?_pit_bIsInit@@3_NA        00102880     Hal:pit.obj
 0003:00000088       ?_idt@@3PAUidt_descriptor@@A 00102888     Hal:idt.obj
 0003:00000888       ?_idtr@@3Uidtr@@A          00103088     Hal:idt.obj
 0003:00000890       ?_gdt@@3PAUgdt_descriptor@@A 00103090     Hal:gdt.obj
 0003:000008a8       ?_gdtr@@3Ugdtr@@A          001030a8     Hal:gdt.obj
 0004:00000060       $R000000                   00103260     Resource.res
