 KRNL32

 Timestamp is 5ae0d33e (Wed Apr 25 23:13:02 2018)

 Preferred load address is 00100000

 Start         Length     Name                   Class
 0001:00000000 00000747H .text$mn                CODE
 0002:00000000 00000154H .rdata                  DATA
 0002:00000154 00000108H .rdata$zzzdbg           DATA
 0003:00000000 00000004H .CRT$XCA                DATA
 0003:00000004 00000004H .CRT$XCZ                DATA
 0003:00000008 00000020H .data                   DATA
 0003:00000028 00000856H .bss                    DATA
 0004:00000000 00000060H .rsrc$01                DATA
 0004:00000060 00000320H .rsrc$02                DATA

  Address         Publics by Value              Rva+Base       Lib:Object

 0000:00000000       ___guard_flags             00000000     <absolute>
 0000:00000000       ___enclave_config          00000000     <absolute>
 0000:00000000       ___hybrid_auxiliary_iat    00000000     <absolute>
 0000:00000000       ___guard_longjmp_count     00000000     <absolute>
 0000:00000000       ___hybrid_code_map_count   00000000     <absolute>
 0000:00000000       ___hybrid_code_map         00000000     <absolute>
 0000:00000000       ___safe_se_handler_count   00000000     <absolute>
 0000:00000000       ___dynamic_value_reloc_table 00000000     <absolute>
 0000:00000000       ___safe_se_handler_table   00000000     <absolute>
 0000:00000000       ___guard_iat_count         00000000     <absolute>
 0000:00000000       ___guard_iat_table         00000000     <absolute>
 0000:00000000       ___guard_longjmp_table     00000000     <absolute>
 0000:00000000       ___guard_fids_table        00000000     <absolute>
 0000:00000000       ___guard_fids_count        00000000     <absolute>
 0001:00000000       ?DebugPutc@@YAXE@Z         00100400 f   DebugDisplay.obj
 0001:000000a0       ?itoa@@YAXIIPAD@Z          001004a0 f   DebugDisplay.obj
 0001:00000100       ?itoa_s@@YAXHIPAD@Z        00100500 f   DebugDisplay.obj
 0001:00000170       ?DebugSetColor@@YAII@Z     00100570 f   DebugDisplay.obj
 0001:00000190       ?DebugGotoXY@@YAXII@Z      00100590 f   DebugDisplay.obj
 0001:000001d0       ?DebugClrScr@@YAXE@Z       001005d0 f   DebugDisplay.obj
 0001:00000210       ?DebugPuts@@YAXPAD@Z       00100610 f   DebugDisplay.obj
 0001:000002e0       ?DebugPrintf@@YAHPBDZZ     001006e0 f   DebugDisplay.obj
 0001:00000440       ?kernel_entry@@YAXXZ       00100840 f   entry.obj
 0001:00000470       _main                      00100870 f   main.obj
 0001:000004f0       ?memset@@YAPAXPAXDI@Z      001008f0 f   Lib:string.obj
 0001:00000510       ?strcpy@@YAPADPADPBD@Z     00100910 f   Lib:string.obj
 0001:00000530       ?strlen@@YAIPBD@Z          00100930 f   Lib:string.obj
 0001:00000540       ?Exit@@YAXXZ               00100940 f   Lib:cstd.obj
 0001:00000580       ?InitializeConstructors@@YAXXZ 00100980 f   Lib:cstd.obj
 0001:000005c0       ?geninterrupt@@YAXH@Z      001009c0 f   Hal:Hal.obj
 0001:000005e0       ?hal_initialize@@YAHXZ     001009e0 f   Hal:Hal.obj
 0001:000005f0       ?i86_cpu_initialize@@YAHXZ 001009f0 f   Hal:cpu.obj
 0001:00000610       ?i86_gdt_initialize@@YAHXZ 00100a10 f   Hal:gdt.obj
 0001:000006d0       ?i86_idt_initialize@@YAHG@Z 00100ad0 f   Hal:idt.obj
 0002:000000c4       ??_C@_0DH@JFMHMDNJ@?$CK?$CK?$CK?5?$FLi86?5Hal?$FN?5i86_default_handle@ 00100cc4     Hal:idt.obj
 0003:00000000       ?__xc_a@@3PAP6AXXZA        00101000     Lib:cstd.obj
 0003:00000004       ?__xc_z@@3PAP6AXXZA        00101004     Lib:cstd.obj
 0003:00000008       ?video_memory@@3PAGA       00101008     DebugDisplay.obj
 0003:0000000c       ?bchars@@3PADA             0010100c     DebugDisplay.obj
 0003:0000001c       __fltused                  0010101c     Lib:cstd.obj
 0003:00000028       ?cursor_x@@3EA             00101028     DebugDisplay.obj
 0003:00000029       ?cursor_y@@3EA             00101029     DebugDisplay.obj
 0003:0000002a       ?_color@@3EA               0010102a     DebugDisplay.obj
 0003:0000002c       ?tbuf@@3PADA               0010102c     DebugDisplay.obj

 entry point at        0001:00000440

 Static symbols

 0001:000003fc       $LN28                      001007fc     DebugDisplay.obj
 0001:00000410       $LN22                      00100810     DebugDisplay.obj
 0001:000006a0       ?i86_default_handler@@YAXXZ 00100aa0 f   Hal:idt.obj
 0002:00000000       $SG2720                    00100c00     main.obj
 0002:00000054       $SG2721                    00100c54     main.obj
 0002:00000070       $SG2722                    00100c70     main.obj
 0003:00000020       ?max_atexitlist_entries@@3IA 00101020     Lib:cstd.obj
 0003:0000004c       ?pf_atexitlist@@3PAP6AXXZA 0010104c     Lib:cstd.obj
 0003:00000050       ?cur_atexitlist_entries@@3IA 00101050     Lib:cstd.obj
 0003:00000054       ?_gdt@@3PAUgdt_descriptor@@A 00101054     Hal:gdt.obj
 0003:0000006c       ?_gdtr@@3Ugdtr@@A          0010106c     Hal:gdt.obj
 0003:00000078       ?_idt@@3PAUidt_descriptor@@A 00101078     Hal:idt.obj
 0003:00000878       ?_idtr@@3Uidtr@@A          00101878     Hal:idt.obj
 0004:00000060       $R000000                   00101a60     Resource.res
