 KRNL32

 Timestamp is 5afbeab2 (Wed May 16 12:24:18 2018)

 Preferred load address is c0000000

 Start         Length     Name                   Class
 0001:00000000 00002c01H .text$mn                CODE
 0002:00000000 00000774H .rdata                  DATA
 0002:00000774 00000108H .rdata$zzzdbg           DATA
 0003:00000000 00000004H .CRT$XCA                DATA
 0003:00000004 00000004H .CRT$XCZ                DATA
 0003:00000008 00000170H .data                   DATA
 0003:00000178 000008aeH .bss                    DATA
 0004:00000000 00000060H .rsrc$01                DATA
 0004:00000060 000003c0H .rsrc$02                DATA

  Address         Publics by Value              Rva+Base       Lib:Object

 0000:00000000       ___hybrid_code_map_count   00000000     <absolute>
 0000:00000000       ___guard_fids_table        00000000     <absolute>
 0000:00000000       ___enclave_config          00000000     <absolute>
 0000:00000000       ___guard_fids_count        00000000     <absolute>
 0000:00000000       ___hybrid_code_map         00000000     <absolute>
 0000:00000000       ___hybrid_auxiliary_iat    00000000     <absolute>
 0000:00000000       ___guard_flags             00000000     <absolute>
 0000:00000000       ___guard_longjmp_count     00000000     <absolute>
 0000:00000000       ___guard_iat_count         00000000     <absolute>
 0000:00000000       ___safe_se_handler_table   00000000     <absolute>
 0000:00000000       ___guard_iat_table         00000000     <absolute>
 0000:00000000       ___dynamic_value_reloc_table 00000000     <absolute>
 0000:00000000       ___safe_se_handler_count   00000000     <absolute>
 0000:00000000       ___guard_longjmp_table     00000000     <absolute>
 0001:00000000       ?DebugClrScr@@YAXE@Z       c0000400 f   DebugDisplay.obj
 0001:00000040       ?DebugGetHorz@@YAHXZ       c0000440 f   DebugDisplay.obj
 0001:00000050       ?DebugGetXY@@YAXPAI0@Z     c0000450 f   DebugDisplay.obj
 0001:00000080       ?DebugGotoXY@@YAXII@Z      c0000480 f   DebugDisplay.obj
 0001:000000c0       ?DebugPrintf@@YAHPBDZZ     c00004c0 f   DebugDisplay.obj
 0001:000001e0       ?DebugPutc@@YAXE@Z         c00005e0 f   DebugDisplay.obj
 0001:00000340       ?DebugPuts@@YAXPAD@Z       c0000740 f   DebugDisplay.obj
 0001:000004e0       ?DebugSetColor@@YAII@Z     c00008e0 f   DebugDisplay.obj
 0001:00000500       ?itoa_s@@YAXHIPAD@Z        c0000900 f   DebugDisplay.obj
 0001:00000570       ?kernel_entry@@YAXPAUmultiboot_info@@@Z c0000970 f   entry.obj
 0001:000005b0       ?alignment_check_fault@@YAXIIII@Z c00009b0 f   exception.obj
 0001:000005d0       ?bounds_check_fault@@YAXIII@Z c00009d0 f   exception.obj
 0001:000005f0       ?breakpoint_trap@@YAXIII@Z c00009f0 f   exception.obj
 0001:00000610       ?divide_by_zero_fault@@YAXIIII@Z c0000a10 f   exception.obj
 0001:00000640       ?double_fault_abort@@YAXIIII@Z c0000a40 f   exception.obj
 0001:00000660       ?fpu_fault@@YAXIII@Z       c0000a60 f   exception.obj
 0001:00000680       ?general_protection_fault@@YAXIIII@Z c0000a80 f   exception.obj
 0001:000006a0       ?invalid_opcode_fault@@YAXIII@Z c0000aa0 f   exception.obj
 0001:000006c0       ?invalid_tss_fault@@YAXIIII@Z c0000ac0 f   exception.obj
 0001:000006e0       ?machine_check_abort@@YAXIII@Z c0000ae0 f   exception.obj
 0001:00000700       ?nmi_trap@@YAXIII@Z        c0000b00 f   exception.obj
 0001:00000720       ?no_device_fault@@YAXIII@Z c0000b20 f   exception.obj
 0001:00000740       ?no_segment_fault@@YAXIIII@Z c0000b40 f   exception.obj
 0001:00000760       ?overflow_trap@@YAXIII@Z   c0000b60 f   exception.obj
 0001:00000780       ?page_fault@@YAXIIII@Z     c0000b80 f   exception.obj
 0001:000007a0       ?simd_fpu_fault@@YAXIII@Z  c0000ba0 f   exception.obj
 0001:000007c0       ?single_step_trap@@YAXIII@Z c0000bc0 f   exception.obj
 0001:000007e0       ?stack_fault@@YAXIIII@Z    c0000be0 f   exception.obj
 0001:00000800       ?get_cmd@@YAXPADH@Z        c0000c00 f   main.obj
 0001:00000900       ?kmain@@YAHPAUmultiboot_info@@@Z c0000d00 f   main.obj
 0001:00000c60       ?sleep@@YAXH@Z             c0001060 f   main.obj
 0001:00000c80       ?mmap_first_free@@YAHXZ    c0001080 f   mmngr_phys.obj
 0001:00000cd0       ?pmmngr_alloc_block@@YAPAXXZ c00010d0 f   mmngr_phys.obj
 0001:00000d30       ?pmmngr_alloc_blocks@@YAPAXI@Z c0001130 f   mmngr_phys.obj
 0001:00000ea0       ?pmmngr_deinit_region@@YAXII@Z c00012a0 f   mmngr_phys.obj
 0001:00000f00       ?pmmngr_init@@YAXII@Z      c0001300 f   mmngr_phys.obj
 0001:00000f40       ?pmmngr_init_region@@YAXII@Z c0001340 f   mmngr_phys.obj
 0001:00000fb0       ?pmmngr_load_PDBR@@YAXI@Z  c00013b0 f   mmngr_phys.obj
 0001:00000fc0       ?pmmngr_paging_enable@@YAX_N@Z c00013c0 f   mmngr_phys.obj
 0001:00000ff0       ?vmmngr_initialize@@YAXXZ  c00013f0 f   mmngr_virtual.obj
 0001:00001140       ?kernel_panic@@YAXPBDZZ    c0001540 f   panic.obj
 0001:00001190       ?pd_entry_add_attrib@@YAXPAII@Z c0001590 f i vmmngr_pde.obj
 0001:00001190       ?pt_entry_add_attrib@@YAXPAII@Z c0001590 f i vmmngr_pte.obj
 0001:000011a0       ?pd_entry_set_frame@@YAXPAII@Z c00015a0 f i vmmngr_pde.obj
 0001:000011a0       ?pt_entry_set_frame@@YAXPAII@Z c00015a0 f i vmmngr_pte.obj
 0001:000011c0       ?i86_kybrd_irq@@YAXXZ      c00015c0 f   keyboard:kybrd.obj
 0001:000013a0       ?kkybrd_discard_last_key@@YAXXZ c00017a0 f   keyboard:kybrd.obj
 0001:000013b0       ?kkybrd_get_last_key@@YA?AW4KEYCODE@@XZ c00017b0 f   keyboard:kybrd.obj
 0001:000013d0       ?kkybrd_install@@YAXH@Z    c00017d0 f   keyboard:kybrd.obj
 0001:00001460       ?kkybrd_key_to_ascii@@YADW4KEYCODE@@@Z c0001860 f   keyboard:kybrd.obj
 0001:000015f0       ?kkybrd_set_leds@@YAX_N00@Z c00019f0 f   keyboard:kybrd.obj
 0001:00001640       ?flpydsk_install@@YAXH@Z   c0001a40 f   floppydisk:flpydsk.obj
 0001:000017c0       ?flpydsk_set_working_drive@@YAXE@Z c0001bc0 f   floppydisk:flpydsk.obj
 0001:000017e0       ?flpydsk_get_working_drive@@YAEXZ c0001be0 f   floppydisk:flpydsk.obj
 0001:000017f0       ?flpydsk_read_sector@@YAPAEH@Z c0001bf0 f   floppydisk:flpydsk.obj
 0001:00001890       ?flpydsk_lba_to_chs@@YAXHPAH00@Z c0001c90 f   floppydisk:flpydsk.obj
 0001:00001900       ?flpydsk_initialize_dma@@YAXXZ c0001d00 f   floppydisk:flpydsk.obj
 0001:00001970       ?flpydsk_dma_read@@YAXXZ   c0001d70 f   floppydisk:flpydsk.obj
 0001:00001990       ?flpydsk_dma_write@@YAXXZ  c0001d90 f   floppydisk:flpydsk.obj
 0001:000019b0       ?flpydsk_read_status@@YAEXZ c0001db0 f   floppydisk:flpydsk.obj
 0001:000019c0       ?flpydsk_write_dor@@YAXE@Z c0001dc0 f   floppydisk:flpydsk.obj
 0001:000019e0       ?flpydsk_send_command@@YAXE@Z c0001de0 f   floppydisk:flpydsk.obj
 0001:00001a20       ?flpydsk_read_data@@YAEXZ  c0001e20 f   floppydisk:flpydsk.obj
 0001:00001a50       ?flpydsk_write_ccr@@YAXE@Z c0001e50 f   floppydisk:flpydsk.obj
 0001:00001a70       ?i86_flpy_irq@@YAXXZ       c0001e70 f   floppydisk:flpydsk.obj
 0001:00001a90       ?flpydsk_check_int@@YAXPAI0@Z c0001e90 f   floppydisk:flpydsk.obj
 0001:00001b40       ?flpydsk_control_motor@@YAX_N@Z c0001f40 f   floppydisk:flpydsk.obj
 0001:00001bc0       ?flpydsk_drive_data@@YAXIII_N@Z c0001fc0 f   floppydisk:flpydsk.obj
 0001:00001c80       ?flpydsk_calibrate@@YAHI@Z c0002080 f   floppydisk:flpydsk.obj
 0001:00001df0       ?flpydsk_disable_controller@@YAXXZ c00021f0 f   floppydisk:flpydsk.obj
 0001:00001e00       ?flpydsk_enable_controller@@YAXXZ c0002200 f   floppydisk:flpydsk.obj
 0001:00001e10       ?flpydsk_reset@@YAXXZ      c0002210 f   floppydisk:flpydsk.obj
 0001:00001f10       ?flpydsk_read_sector_imp@@YAXEEE@Z c0002310 f   floppydisk:flpydsk.obj
 0001:000021e0       ?flpydsk_seek@@YAHII@Z     c00025e0 f   floppydisk:flpydsk.obj
 0001:00002360       ?memset@@YAPAXPAXDI@Z      c0002760 f   Lib:string.obj
 0001:00002380       ?strcmp@@YAHPBD0@Z         c0002780 f   Lib:string.obj
 0001:000023d0       ?strcpy@@YAPADPADPBD@Z     c00027d0 f   Lib:string.obj
 0001:000023f0       ?strlen@@YAIPBD@Z          c00027f0 f   Lib:string.obj
 0001:00002400       ?Exit@@YAXXZ               c0002800 f   Lib:cstd.obj
 0001:00002440       ?InitializeConstructors@@YAXXZ c0002840 f   Lib:cstd.obj
 0001:00002480       ?atoi@@YAHPBD@Z            c0002880 f   Lib:stdio.obj
 0001:000024a0       ?strtol@@YAJPBDPAPADH@Z    c00028a0 f   Lib:stdio.obj
 0001:000025f0       ?hal_initialize@@YAHXZ     c00029f0 f   Hal:Hal.obj
 0001:00002620       ?hal_shutdown@@YAHXZ       c0002a20 f   Hal:Hal.obj
 0001:00002630       ?enable@@YAXXZ             c0002a30 f   Hal:Hal.obj
 0001:00002640       ?disable@@YAXXZ            c0002a40 f   Hal:Hal.obj
 0001:00002650       ?geninterrupt@@YAXH@Z      c0002a50 f   Hal:Hal.obj
 0001:00002670       ?inportb@@YAEG@Z           c0002a70 f   Hal:Hal.obj
 0001:00002680       ?outportb@@YAXGE@Z         c0002a80 f   Hal:Hal.obj
 0001:00002690       ?setvect@@YAXHA6AXXZ@Z     c0002a90 f   Hal:Hal.obj
 0001:000026b0       ?getvect@@YAP6AXXZH@Z      c0002ab0 f   Hal:Hal.obj
 0001:000026d0       ?sound@@YAXI@Z             c0002ad0 f   Hal:Hal.obj
 0001:000026f0       ?get_cpu_vender@@YAPBDXZ   c0002af0 f   Hal:Hal.obj
 0001:00002700       ?get_tick_count@@YAHXZ     c0002b00 f   Hal:Hal.obj
 0001:00002710       ?interruptdone@@YAXI@Z     c0002b10 f i Hal:Hal.obj
 0001:00002740       ?i86_cpu_initialize@@YAHXZ c0002b40 f   Hal:cpu.obj
 0001:00002760       ?i86_cpu_shutdown@@YAXXZ   c0002b60 f   Hal:cpu.obj
 0001:00002770       ?i86_cpu_get_vender@@YAPADXZ c0002b70 f   Hal:cpu.obj
 0001:000027a0       ?i86_cpu_flush_caches@@YAXXZ c0002ba0 f   Hal:cpu.obj
 0001:000027b0       ?i86_cpu_flush_caches_write@@YAXXZ c0002bb0 f   Hal:cpu.obj
 0001:000027c0       ?i86_cpu_flush_tlb_entry@@YAXI@Z c0002bc0 f   Hal:cpu.obj
 0001:000027d0       ?i86_pic_initialize@@YAXEE@Z c0002bd0 f   Hal:pic.obj
 0001:00002840       ?i86_pic_send_command@@YAXEE@Z c0002c40 f i Hal:pic.obj
 0001:00002870       ?i86_pit_send_command@@YAXE@Z c0002c70 f   Hal:pit.obj
 0001:00002880       ?i86_pit_send_data@@YAXGE@Z c0002c80 f   Hal:pit.obj
 0001:000028c0       ?i86_pit_read_data@@YAEG@Z c0002cc0 f   Hal:pit.obj
 0001:000028f0       ?i86_pit_set_tick_count@@YAII@Z c0002cf0 f   Hal:pit.obj
 0001:00002900       ?i86_pit_get_tick_count@@YAIXZ c0002d00 f   Hal:pit.obj
 0001:00002910       ?i86_pit_start_counter@@YAXIEE@Z c0002d10 f   Hal:pit.obj
 0001:00002970       ?i86_pit_initialize@@YAXXZ c0002d70 f   Hal:pit.obj
 0001:00002990       ?i86_pit_is_initialized@@YA_NXZ c0002d90 f   Hal:pit.obj
 0001:000029a0       ?i86_pit_irq@@YAXXZ        c0002da0 f   Hal:pit.obj
 0001:000029d0       ?i86_get_ir@@YAPAUidt_descriptor@@I@Z c0002dd0 f   Hal:idt.obj
 0001:000029f0       ?i86_install_ir@@YAHIGGP6AXXZ@Z c0002df0 f   Hal:idt.obj
 0001:00002a40       ?i86_idt_initialize@@YAHG@Z c0002e40 f   Hal:idt.obj
 0001:00002ad0       ?gdt_set_descriptor@@YAXI_K0EE@Z c0002ed0 f   Hal:gdt.obj
 0001:00002b60       ?i86_gdt_get_descriptor@@YAPAUgdt_descriptor@@H@Z c0002f60 f   Hal:gdt.obj
 0001:00002b80       ?i86_gdt_initialize@@YAHXZ c0002f80 f   Hal:gdt.obj
 0002:00000000       __xmm@00200020002000200020002000200020 c0003200     DebugDisplay.obj
 0003:00000000       ?__xc_a@@3PAP6AXXZA        c0003c00     Lib:cstd.obj
 0003:00000004       ?__xc_z@@3PAP6AXXZA        c0003c04     Lib:cstd.obj
 0003:00000008       ?video_memory@@3PAGA       c0003c08     DebugDisplay.obj
 0003:0000000c       ?bchars@@3PADA             c0003c0c     DebugDisplay.obj
 0003:0000016c       __fltused                  c0003d6c     Lib:cstd.obj
 0003:00000178       ?cursor_x@@3EA             c0003d78     DebugDisplay.obj
 0003:00000179       ?cursor_y@@3EA             c0003d79     DebugDisplay.obj
 0003:0000017a       ?_color@@3EA               c0003d7a     DebugDisplay.obj
 0003:0000017c       ?tbuf@@3PADA               c0003d7c     DebugDisplay.obj
 0003:0000019c       ?kernelSize@@3IA           c0003d9c     main.obj
 0003:000001a0       ?ticks@@3HA                c0003da0     main.obj
 0003:000001b4       ?_cur_directory@@3PAUpdirectory@@A c0003db4     mmngr_virtual.obj
 0003:000001b8       ?_cur_pdbr@@3IA            c0003db8     mmngr_virtual.obj

 entry point at        0001:00000570

 Static symbols

 0001:000001a4       $LN28                      c00005a4     DebugDisplay.obj
 0001:000001b8       $LN22                      c00005b8     DebugDisplay.obj
 0001:00001360       $LN35                      c0001760     keyboard:kybrd.obj
 0001:0000137c       $LN36                      c000177c     keyboard:kybrd.obj
 0001:00001390       $LN32                      c0001790     keyboard:kybrd.obj
 0001:0000155c       $LN38                      c000195c     keyboard:kybrd.obj
 0001:00001584       $LN39                      c0001984     keyboard:kybrd.obj
 0001:000015b4       $LN35                      c00019b4     keyboard:kybrd.obj
 0001:00001ba8       $LN19                      c0001fa8     floppydisk:flpydsk.obj
 0001:00002ac0       ?i86_default_handler@@YAXXZ c0002ec0 f   Hal:idt.obj
 0002:00000010       $SG2761                    c0003210     entry.obj
 0002:00000048       $SG2814                    c0003248     exception.obj
 0002:00000090       $SG2823                    c0003290     exception.obj
 0002:0000009c       $SG2832                    c000329c     exception.obj
 0002:000000a8       $SG2841                    c00032a8     exception.obj
 0002:000000b8       $SG2850                    c00032b8     exception.obj
 0002:000000c8       $SG2859                    c00032c8     exception.obj
 0002:000000dc       $SG2868                    c00032dc     exception.obj
 0002:000000ec       $SG2877                    c00032ec     exception.obj
 0002:00000100       $SG2887                    c0003300     exception.obj
 0002:00000110       $SG2897                    c0003310     exception.obj
 0002:0000011c       $SG2907                    c000331c     exception.obj
 0002:0000012c       $SG2917                    c000332c     exception.obj
 0002:00000138       $SG2927                    c0003338     exception.obj
 0002:00000154       $SG2942                    c0003354     exception.obj
 0002:00000160       $SG2952                    c0003360     exception.obj
 0002:00000170       $SG2961                    c0003370     exception.obj
 0002:00000180       $SG2970                    c0003380     exception.obj
 0002:00000190       $SG3303                    c0003390     main.obj
 0002:0000019c       $SG3337                    c000339c     main.obj
 0002:000001d0       $SG3338                    c00033d0     main.obj
 0002:000001ec       $SG3341                    c00033ec     main.obj
 0002:000001f4       $SG3342                    c00033f4     main.obj
 0002:00000214       $SG3343                    c0003414     main.obj
 0002:0000023c       $SG3344                    c000343c     main.obj
 0002:00000244       $SG3350                    c0003444     main.obj
 0002:0000024c       $SG3353                    c000344c     main.obj
 0002:00000250       $SG3356                    c0003450     main.obj
 0002:00000258       $SG3357                    c0003458     main.obj
 0002:00000280       $SG3358                    c0003480     main.obj
 0002:00000298       $SG3359                    c0003498     main.obj
 0002:000002c0       $SG3360                    c00034c0     main.obj
 0002:000002dc       $SG3361                    c00034dc     main.obj
 0002:000002fc       $SG3362                    c00034fc     main.obj
 0002:00000338       $SG3363                    c0003538     main.obj
 0002:00000370       $SG3366                    c0003570     main.obj
 0002:00000378       $SG3367                    c0003578     main.obj
 0002:00000388       $SG3380                    c0003588     main.obj
 0002:000003ac       $SG3381                    c00035ac     main.obj
 0002:000003e4       $SG3382                    c00035e4     main.obj
 0002:00000420       $SG3383                    c0003620     main.obj
 0002:00000448       $SG2772                    c0003648     panic.obj
 0002:000005e0       $SG2786                    c00037e0     panic.obj
 0002:00000704       $SG2787                    c0003904     panic.obj
 0003:0000001c       ?sickpc@@3PADA             c0003c1c     panic.obj
 0003:00000020       ?_kkybrd_scancode_std@@3PAHA c0003c20     keyboard:kybrd.obj
 0003:00000170       ?max_atexitlist_entries@@3IA c0003d70     Lib:cstd.obj
 0003:000001a4       ?_mmngr_memory_size@@3IA   c0003da4     mmngr_phys.obj
 0003:000001a8       ?_mmngr_used_blocks@@3IA   c0003da8     mmngr_phys.obj
 0003:000001ac       ?_mmngr_max_blocks@@3IA    c0003dac     mmngr_phys.obj
 0003:000001b0       ?_mmngr_memory_map@@3PAIA  c0003db0     mmngr_phys.obj
 0003:000001bc       ?_scancode@@3DA            c0003dbc     keyboard:kybrd.obj
 0003:000001bd       ?_numlock@@3_NA            c0003dbd     keyboard:kybrd.obj
 0003:000001be       ?_scrolllock@@3_NA         c0003dbe     keyboard:kybrd.obj
 0003:000001bf       ?_capslock@@3_NA           c0003dbf     keyboard:kybrd.obj
 0003:000001c0       ?_shift@@3_NA              c0003dc0     keyboard:kybrd.obj
 0003:000001c1       ?_alt@@3_NA                c0003dc1     keyboard:kybrd.obj
 0003:000001c2       ?_ctrl@@3_NA               c0003dc2     keyboard:kybrd.obj
 0003:000001c3       ?_kkybrd_bat_res@@3_NA     c0003dc3     keyboard:kybrd.obj
 0003:000001c4       ?_kkybrd_diag_res@@3_NA    c0003dc4     keyboard:kybrd.obj
 0003:000001c5       ?_kkybrd_resend_res@@3_NA  c0003dc5     keyboard:kybrd.obj
 0003:000001c6       ?_kkybrd_disable@@3_NA     c0003dc6     keyboard:kybrd.obj
 0003:000001c7       ?_extended@?1??i86_kybrd_irq@@YAXXZ@4_NA c0003dc7     keyboard:kybrd.obj
 0003:000001c8       ?_CurrentDrive@@3EA        c0003dc8     floppydisk:flpydsk.obj
 0003:000001c9       ?_FloppyDiskIRQ@@3EC       c0003dc9     floppydisk:flpydsk.obj
 0003:000001cc       ?pf_atexitlist@@3PAP6AXXZA c0003dcc     Lib:cstd.obj
 0003:000001d0       ?cur_atexitlist_entries@@3IA c0003dd0     Lib:cstd.obj
 0003:000001d4       ?vender@?1??i86_cpu_get_vender@@YAPADXZ@4PADA c0003dd4     Hal:cpu.obj
 0003:000001f4       ?_pit_ticks@@3IC           c0003df4     Hal:pit.obj
 0003:000001f8       ?_pit_bIsInit@@3_NA        c0003df8     Hal:pit.obj
 0003:00000200       ?_idt@@3PAUidt_descriptor@@A c0003e00     Hal:idt.obj
 0003:00000a00       ?_idtr@@3Uidtr@@A          c0004600     Hal:idt.obj
 0003:00000a08       ?_gdt@@3PAUgdt_descriptor@@A c0004608     Hal:gdt.obj
 0003:00000a20       ?_gdtr@@3Ugdtr@@A          c0004620     Hal:gdt.obj
 0004:00000060       $R000000                   c0004860     Resource.res
