 KRNL32

 Timestamp is 5afd7ab2 (Thu May 17 16:50:58 2018)

 Preferred load address is c0000000

 Start         Length     Name                   Class
 0001:00000000 00003601H .text$mn                CODE
 0002:00000000 00000794H .rdata                  DATA
 0002:00000794 00000108H .rdata$zzzdbg           DATA
 0003:00000000 00000004H .CRT$XCA                DATA
 0003:00000004 00000004H .CRT$XCZ                DATA
 0003:00000008 00000170H .data                   DATA
 0003:00000178 00000d56H .bss                    DATA
 0004:00000000 00000060H .rsrc$01                DATA
 0004:00000060 000003c0H .rsrc$02                DATA

  Address         Publics by Value              Rva+Base       Lib:Object

 0000:00000000       ___guard_longjmp_count     00000000     <absolute>
 0000:00000000       ___enclave_config          00000000     <absolute>
 0000:00000000       ___guard_iat_count         00000000     <absolute>
 0000:00000000       ___guard_fids_table        00000000     <absolute>
 0000:00000000       ___hybrid_code_map         00000000     <absolute>
 0000:00000000       ___hybrid_code_map_count   00000000     <absolute>
 0000:00000000       ___guard_flags             00000000     <absolute>
 0000:00000000       ___guard_iat_table         00000000     <absolute>
 0000:00000000       ___guard_fids_count        00000000     <absolute>
 0000:00000000       ___hybrid_auxiliary_iat    00000000     <absolute>
 0000:00000000       ___guard_longjmp_table     00000000     <absolute>
 0000:00000000       ___safe_se_handler_table   00000000     <absolute>
 0000:00000000       ___dynamic_value_reloc_table 00000000     <absolute>
 0000:00000000       ___safe_se_handler_count   00000000     <absolute>
 0001:00000000       ?DebugClrScr@@YAXE@Z       c0000400 f   DebugDisplay.obj
 0001:00000040       ?DebugGetHorz@@YAHXZ       c0000440 f   DebugDisplay.obj
 0001:00000050       ?DebugGetXY@@YAXPAI0@Z     c0000450 f   DebugDisplay.obj
 0001:00000080       ?DebugGotoXY@@YAXII@Z      c0000480 f   DebugDisplay.obj
 0001:000000c0       ?DebugPrintf@@YAHPBDZZ     c00004c0 f   DebugDisplay.obj
 0001:000001e0       ?DebugPutc@@YAXE@Z         c00005e0 f   DebugDisplay.obj
 0001:00000340       ?DebugPuts@@YAXPAD@Z       c0000740 f   DebugDisplay.obj
 0001:000004e0       ?DebugSetColor@@YAII@Z     c00008e0 f   DebugDisplay.obj
 0001:00000500       ?itoa_s@@YAXHIPAD@Z        c0000900 f   DebugDisplay.obj
 0001:00000570       ?kernel_entry@@YAXPAUmultiboot_info@@@Z c0000970 f   entry.obj
 0001:000005b0       ?alignment_check_fault@@YAXIIII@Z c00009b0 f   exception.obj
 0001:000005d0       ?bounds_check_fault@@YAXIII@Z c00009d0 f   exception.obj
 0001:000005f0       ?breakpoint_trap@@YAXIII@Z c00009f0 f   exception.obj
 0001:00000610       ?divide_by_zero_fault@@YAXIIII@Z c0000a10 f   exception.obj
 0001:00000640       ?double_fault_abort@@YAXIIII@Z c0000a40 f   exception.obj
 0001:00000660       ?fpu_fault@@YAXIII@Z       c0000a60 f   exception.obj
 0001:00000680       ?general_protection_fault@@YAXIIII@Z c0000a80 f   exception.obj
 0001:000006a0       ?invalid_opcode_fault@@YAXIII@Z c0000aa0 f   exception.obj
 0001:000006c0       ?invalid_tss_fault@@YAXIIII@Z c0000ac0 f   exception.obj
 0001:000006e0       ?machine_check_abort@@YAXIII@Z c0000ae0 f   exception.obj
 0001:00000700       ?nmi_trap@@YAXIII@Z        c0000b00 f   exception.obj
 0001:00000720       ?no_device_fault@@YAXIII@Z c0000b20 f   exception.obj
 0001:00000740       ?no_segment_fault@@YAXIIII@Z c0000b40 f   exception.obj
 0001:00000760       ?overflow_trap@@YAXIII@Z   c0000b60 f   exception.obj
 0001:00000780       ?page_fault@@YAXIIII@Z     c0000b80 f   exception.obj
 0001:000007a0       ?simd_fpu_fault@@YAXIII@Z  c0000ba0 f   exception.obj
 0001:000007c0       ?single_step_trap@@YAXIII@Z c0000bc0 f   exception.obj
 0001:000007e0       ?stack_fault@@YAXIIII@Z    c0000be0 f   exception.obj
 0001:00000800       ?volOpenFile@@YA?AU_FILE@@PBD@Z c0000c00 f   fsys.obj
 0001:000008b0       ?volReadFile@@YAXPAU_FILE@@PAEI@Z c0000cb0 f   fsys.obj
 0001:000008d0       ?volRegisterFileSystem@@YAXPAU_FILE_SYSTEM@@I@Z c0000cd0 f   fsys.obj
 0001:00000900       ?get_cmd@@YAXPADH@Z        c0000d00 f   main.obj
 0001:00000a00       ?kmain@@YAHPAUmultiboot_info@@@Z c0000e00 f   main.obj
 0001:00000be0       ?run@@YAXXZ                c0000fe0 f   main.obj
 0001:00000e10       ?sleep@@YAXH@Z             c0001210 f   main.obj
 0001:00000e30       ?mmap_first_free@@YAHXZ    c0001230 f   mmngr_phys.obj
 0001:00000e80       ?pmmngr_alloc_block@@YAPAXXZ c0001280 f   mmngr_phys.obj
 0001:00000ee0       ?pmmngr_alloc_blocks@@YAPAXI@Z c00012e0 f   mmngr_phys.obj
 0001:00001050       ?pmmngr_deinit_region@@YAXII@Z c0001450 f   mmngr_phys.obj
 0001:000010b0       ?pmmngr_init@@YAXII@Z      c00014b0 f   mmngr_phys.obj
 0001:000010f0       ?pmmngr_init_region@@YAXII@Z c00014f0 f   mmngr_phys.obj
 0001:00001160       ?pmmngr_load_PDBR@@YAXI@Z  c0001560 f   mmngr_phys.obj
 0001:00001170       ?pmmngr_paging_enable@@YAX_N@Z c0001570 f   mmngr_phys.obj
 0001:000011a0       ?vmmngr_initialize@@YAXXZ  c00015a0 f   mmngr_virtual.obj
 0001:00001270       ?kernel_panic@@YAXPBDZZ    c0001670 f   panic.obj
 0001:000012c0       ?pt_entry_add_attrib@@YAXPAII@Z c00016c0 f i vmmngr_pte.obj
 0001:000012c0       ?pd_entry_add_attrib@@YAXPAII@Z c00016c0 f i vmmngr_pde.obj
 0001:000012d0       ?pd_entry_set_frame@@YAXPAII@Z c00016d0 f i vmmngr_pde.obj
 0001:000012d0       ?pt_entry_set_frame@@YAXPAII@Z c00016d0 f i vmmngr_pte.obj
 0001:000012f0       ?i86_kybrd_irq@@YAXXZ      c00016f0 f   keyboard:kybrd.obj
 0001:000014d0       ?kkybrd_discard_last_key@@YAXXZ c00018d0 f   keyboard:kybrd.obj
 0001:000014e0       ?kkybrd_get_last_key@@YA?AW4KEYCODE@@XZ c00018e0 f   keyboard:kybrd.obj
 0001:00001500       ?kkybrd_install@@YAXH@Z    c0001900 f   keyboard:kybrd.obj
 0001:00001590       ?kkybrd_key_to_ascii@@YADW4KEYCODE@@@Z c0001990 f   keyboard:kybrd.obj
 0001:00001720       ?kkybrd_set_leds@@YAX_N00@Z c0001b20 f   keyboard:kybrd.obj
 0001:00001770       ?flpydsk_install@@YAXH@Z   c0001b70 f   floppydisk:flpydsk.obj
 0001:00001890       ?flpydsk_set_working_drive@@YAXE@Z c0001c90 f   floppydisk:flpydsk.obj
 0001:000018b0       ?flpydsk_get_working_drive@@YAEXZ c0001cb0 f   floppydisk:flpydsk.obj
 0001:000018c0       ?flpydsk_read_sector@@YAPAEH@Z c0001cc0 f   floppydisk:flpydsk.obj
 0001:000019e0       ?flpydsk_lba_to_chs@@YAXHPAH00@Z c0001de0 f   floppydisk:flpydsk.obj
 0001:00001a50       ?dma_initialize_floppy@@YA_NPAEI@Z c0001e50 f   floppydisk:flpydsk.obj
 0001:00001ae0       ?flpydsk_read_status@@YAEXZ c0001ee0 f   floppydisk:flpydsk.obj
 0001:00001af0       ?flpydsk_write_dor@@YAXE@Z c0001ef0 f   floppydisk:flpydsk.obj
 0001:00001b10       ?flpydsk_send_command@@YAXE@Z c0001f10 f   floppydisk:flpydsk.obj
 0001:00001b50       ?flpydsk_read_data@@YAEXZ  c0001f50 f   floppydisk:flpydsk.obj
 0001:00001b80       ?flpydsk_write_ccr@@YAXE@Z c0001f80 f   floppydisk:flpydsk.obj
 0001:00001ba0       ?i86_flpy_irq@@YAXXZ       c0001fa0 f   floppydisk:flpydsk.obj
 0001:00001bc0       ?flpydsk_check_int@@YAXPAI0@Z c0001fc0 f   floppydisk:flpydsk.obj
 0001:00001c70       ?flpydsk_control_motor@@YAX_N@Z c0002070 f   floppydisk:flpydsk.obj
 0001:00001ce0       ?flpydsk_drive_data@@YAXEEE_N@Z c00020e0 f   floppydisk:flpydsk.obj
 0001:00001da0       ?flpydsk_calibrate@@YAHE@Z c00021a0 f   floppydisk:flpydsk.obj
 0001:00001f60       ?flpydsk_disable_controller@@YAXXZ c0002360 f   floppydisk:flpydsk.obj
 0001:00001f70       ?flpydsk_enable_controller@@YAXXZ c0002370 f   floppydisk:flpydsk.obj
 0001:00001f80       ?flpydsk_reset@@YAXXZ      c0002380 f   floppydisk:flpydsk.obj
 0001:00002080       ?flpydsk_read_sector_imp@@YAXEEE@Z c0002480 f   floppydisk:flpydsk.obj
 0001:000023b0       ?flpydsk_seek@@YAHEE@Z     c00027b0 f   floppydisk:flpydsk.obj
 0001:00002530       ?ToDosFileName@@YAXPBDPADI@Z c0002930 f   fat12:fat12.obj
 0001:00002630       ?fsysFatClose@@YAXPAU_FILE@@@Z c0002a30 f   fat12:fat12.obj
 0001:00002650       ?fsysFatDirectory@@YA?AU_FILE@@PBD@Z c0002a50 f   fat12:fat12.obj
 0001:00002710       ?fsysFatInitialize@@YAXXZ  c0002b10 f   fat12:fat12.obj
 0001:00002770       ?fsysFatMount@@YAXXZ       c0002b70 f   fat12:fat12.obj
 0001:000027e0       ?fsysFatOpen@@YA?AU_FILE@@PBD@Z c0002be0 f   fat12:fat12.obj
 0001:00002aa0       ?fsysFatRead@@YAXPAU_FILE@@PAEI@Z c0002ea0 f   fat12:fat12.obj
 0001:00002b60       ?memcpy@@YAPAXPAXPBXI@Z    c0002f60 f   Lib:string.obj
 0001:00002b90       ?memset@@YAPAXPAXDI@Z      c0002f90 f   Lib:string.obj
 0001:00002bb0       ?strchr@@YAPADPADH@Z       c0002fb0 f   Lib:string.obj
 0001:00002be0       ?strcmp@@YAHPBD0@Z         c0002fe0 f   Lib:string.obj
 0001:00002c30       ?strcpy@@YAPADPADPBD@Z     c0003030 f   Lib:string.obj
 0001:00002c50       ?strlen@@YAIPBD@Z          c0003050 f   Lib:string.obj
 0001:00002c60       ?Exit@@YAXXZ               c0003060 f   Lib:cstd.obj
 0001:00002ca0       ?InitializeConstructors@@YAXXZ c00030a0 f   Lib:cstd.obj
 0001:00002ce0       ?hal_initialize@@YAHXZ     c00030e0 f   Hal:Hal.obj
 0001:00002d10       ?hal_shutdown@@YAHXZ       c0003110 f   Hal:Hal.obj
 0001:00002d20       ?enable@@YAXXZ             c0003120 f   Hal:Hal.obj
 0001:00002d30       ?disable@@YAXXZ            c0003130 f   Hal:Hal.obj
 0001:00002d40       ?geninterrupt@@YAXH@Z      c0003140 f   Hal:Hal.obj
 0001:00002d60       ?inportb@@YAEG@Z           c0003160 f   Hal:Hal.obj
 0001:00002d70       ?outportb@@YAXGE@Z         c0003170 f   Hal:Hal.obj
 0001:00002d80       ?setvect@@YAXHA6AXXZ@Z     c0003180 f   Hal:Hal.obj
 0001:00002da0       ?getvect@@YAP6AXXZH@Z      c00031a0 f   Hal:Hal.obj
 0001:00002dc0       ?sound@@YAXI@Z             c00031c0 f   Hal:Hal.obj
 0001:00002de0       ?get_cpu_vender@@YAPBDXZ   c00031e0 f   Hal:Hal.obj
 0001:00002df0       ?get_tick_count@@YAHXZ     c00031f0 f   Hal:Hal.obj
 0001:00002e00       ?interruptdone@@YAXI@Z     c0003200 f i Hal:Hal.obj
 0001:00002e30       ?dma_set_mode@@YAXEE@Z     c0003230 f   Hal:dma.obj
 0001:00002eb0       ?dma_set_read@@YAXE@Z      c00032b0 f   Hal:dma.obj
 0001:00002ec0       ?dma_set_write@@YAXE@Z     c00032c0 f   Hal:dma.obj
 0001:00002ed0       ?dma_set_address@@YAXEEE@Z c00032d0 f   Hal:dma.obj
 0001:00002f60       ?dma_set_count@@YAXEEE@Z   c0003360 f   Hal:dma.obj
 0001:00002ff0       ?dma_mask_channel@@YAXE@Z  c00033f0 f   Hal:dma.obj
 0001:00003030       ?dma_unmask_channel@@YAXE@Z c0003430 f   Hal:dma.obj
 0001:00003050       ?dma_reset_flipflop@@YAXH@Z c0003450 f   Hal:dma.obj
 0001:00003080       ?dma_reset@@YAXH@Z         c0003480 f   Hal:dma.obj
 0001:00003090       ?dma_set_external_page_register@@YAXEE@Z c0003490 f   Hal:dma.obj
 0001:00003120       ?dma_unmask_all@@YAXH@Z    c0003520 f   Hal:dma.obj
 0001:00003140       ?i86_cpu_initialize@@YAHXZ c0003540 f   Hal:cpu.obj
 0001:00003160       ?i86_cpu_shutdown@@YAXXZ   c0003560 f   Hal:cpu.obj
 0001:00003170       ?i86_cpu_get_vender@@YAPADXZ c0003570 f   Hal:cpu.obj
 0001:000031a0       ?i86_cpu_flush_caches@@YAXXZ c00035a0 f   Hal:cpu.obj
 0001:000031b0       ?i86_cpu_flush_caches_write@@YAXXZ c00035b0 f   Hal:cpu.obj
 0001:000031c0       ?i86_cpu_flush_tlb_entry@@YAXI@Z c00035c0 f   Hal:cpu.obj
 0001:000031d0       ?i86_pic_initialize@@YAXEE@Z c00035d0 f   Hal:pic.obj
 0001:00003240       ?i86_pic_send_command@@YAXEE@Z c0003640 f i Hal:pic.obj
 0001:00003270       ?i86_pit_send_command@@YAXE@Z c0003670 f   Hal:pit.obj
 0001:00003280       ?i86_pit_send_data@@YAXGE@Z c0003680 f   Hal:pit.obj
 0001:000032c0       ?i86_pit_read_data@@YAEG@Z c00036c0 f   Hal:pit.obj
 0001:000032f0       ?i86_pit_set_tick_count@@YAII@Z c00036f0 f   Hal:pit.obj
 0001:00003300       ?i86_pit_get_tick_count@@YAIXZ c0003700 f   Hal:pit.obj
 0001:00003310       ?i86_pit_start_counter@@YAXIEE@Z c0003710 f   Hal:pit.obj
 0001:00003370       ?i86_pit_initialize@@YAXXZ c0003770 f   Hal:pit.obj
 0001:00003390       ?i86_pit_is_initialized@@YA_NXZ c0003790 f   Hal:pit.obj
 0001:000033a0       ?i86_pit_irq@@YAXXZ        c00037a0 f   Hal:pit.obj
 0001:000033d0       ?i86_get_ir@@YAPAUidt_descriptor@@I@Z c00037d0 f   Hal:idt.obj
 0001:000033f0       ?i86_install_ir@@YAHIGGP6AXXZ@Z c00037f0 f   Hal:idt.obj
 0001:00003440       ?i86_idt_initialize@@YAHG@Z c0003840 f   Hal:idt.obj
 0001:000034d0       ?gdt_set_descriptor@@YAXI_K0EE@Z c00038d0 f   Hal:gdt.obj
 0001:00003560       ?i86_gdt_get_descriptor@@YAPAUgdt_descriptor@@H@Z c0003960 f   Hal:gdt.obj
 0001:00003580       ?i86_gdt_initialize@@YAHXZ c0003980 f   Hal:gdt.obj
 0002:00000000       __xmm@00200020002000200020002000200020 c0003c00     DebugDisplay.obj
 0002:00000734       ??_C@_05HOBJIFPH@FAT12?$AA@ c0004334     fat12:fat12.obj
 0003:00000000       ?__xc_a@@3PAP6AXXZA        c0004600     Lib:cstd.obj
 0003:00000004       ?__xc_z@@3PAP6AXXZA        c0004604     Lib:cstd.obj
 0003:00000008       ?video_memory@@3PAGA       c0004608     DebugDisplay.obj
 0003:0000000c       ?bchars@@3PADA             c000460c     DebugDisplay.obj
 0003:0000016c       __fltused                  c000476c     Lib:cstd.obj
 0003:00000178       ?cursor_x@@3EA             c0004778     DebugDisplay.obj
 0003:00000179       ?cursor_y@@3EA             c0004779     DebugDisplay.obj
 0003:0000017a       ?_color@@3EA               c000477a     DebugDisplay.obj
 0003:0000017c       ?tbuf@@3PADA               c000477c     DebugDisplay.obj
 0003:000001a0       ?_FileSystems@@3PAPAU_FILE_SYSTEM@@A c00047a0     fsys.obj
 0003:0000020c       ?kernelSize@@3IA           c000480c     main.obj
 0003:00000210       ?ticks@@3HA                c0004810     main.obj
 0003:00000224       ?_cur_directory@@3PAUpdirectory@@A c0004824     mmngr_virtual.obj
 0003:00000228       ?_cur_pdbr@@3IA            c0004828     mmngr_virtual.obj
 0003:00000240       ?_FSysFat@@3U_FILE_SYSTEM@@A c0004840     fat12:fat12.obj
 0003:0000025c       ?_MountInfo@@3U_MOUNT_INFO@@A c000485c     fat12:fat12.obj
 0003:00000278       ?FAT@@3PAEA                c0004878     fat12:fat12.obj

 entry point at        0001:00000570

 Static symbols

 0001:000001a4       $LN28                      c00005a4     DebugDisplay.obj
 0001:000001b8       $LN22                      c00005b8     DebugDisplay.obj
 0001:00001490       $LN35                      c0001890     keyboard:kybrd.obj
 0001:000014ac       $LN36                      c00018ac     keyboard:kybrd.obj
 0001:000014c0       $LN32                      c00018c0     keyboard:kybrd.obj
 0001:0000168c       $LN38                      c0001a8c     keyboard:kybrd.obj
 0001:000016b4       $LN39                      c0001ab4     keyboard:kybrd.obj
 0001:000016e4       $LN35                      c0001ae4     keyboard:kybrd.obj
 0001:000019c8       $LN39                      c0001dc8     floppydisk:flpydsk.obj
 0001:00001ccc       $LN19                      c00020cc     floppydisk:flpydsk.obj
 0001:00001f50       $LN181                     c0002350     floppydisk:flpydsk.obj
 0001:00002f38       $LN15                      c0003338     Hal:dma.obj
 0001:00002fcc       $LN15                      c00033cc     Hal:dma.obj
 0001:00003100       $LN15                      c0003500     Hal:dma.obj
 0001:000034c0       ?i86_default_handler@@YAXXZ c00038c0 f   Hal:idt.obj
 0002:00000010       $SG2761                    c0003c10     entry.obj
 0002:00000048       $SG2845                    c0003c48     exception.obj
 0002:00000090       $SG2854                    c0003c90     exception.obj
 0002:0000009c       $SG2863                    c0003c9c     exception.obj
 0002:000000a8       $SG2872                    c0003ca8     exception.obj
 0002:000000b8       $SG2881                    c0003cb8     exception.obj
 0002:000000c8       $SG2890                    c0003cc8     exception.obj
 0002:000000dc       $SG2899                    c0003cdc     exception.obj
 0002:000000ec       $SG2908                    c0003cec     exception.obj
 0002:00000100       $SG2918                    c0003d00     exception.obj
 0002:00000110       $SG2928                    c0003d10     exception.obj
 0002:0000011c       $SG2938                    c0003d1c     exception.obj
 0002:0000012c       $SG2948                    c0003d2c     exception.obj
 0002:00000138       $SG2958                    c0003d38     exception.obj
 0002:00000154       $SG2973                    c0003d54     exception.obj
 0002:00000160       $SG2983                    c0003d60     exception.obj
 0002:00000170       $SG2992                    c0003d70     exception.obj
 0002:00000180       $SG3001                    c0003d80     exception.obj
 0002:00000190       $SG3453                    c0003d90     main.obj
 0002:000001a0       $SG3485                    c0003da0     main.obj
 0002:000001e4       $SG3487                    c0003de4     main.obj
 0002:000001fc       $SG3489                    c0003dfc     main.obj
 0002:00000228       $SG3490                    c0003e28     main.obj
 0002:00000240       $SG3492                    c0003e40     main.obj
 0002:00000268       $SG3493                    c0003e68     main.obj
 0002:0000026c       $SG3494                    c0003e6c     main.obj
 0002:00000288       $SG3500                    c0003e88     main.obj
 0002:00000290       $SG3503                    c0003e90     main.obj
 0002:00000294       $SG3506                    c0003e94     main.obj
 0002:0000029c       $SG3507                    c0003e9c     main.obj
 0002:000002c8       $SG3508                    c0003ec8     main.obj
 0002:000002e0       $SG3509                    c0003ee0     main.obj
 0002:00000308       $SG3510                    c0003f08     main.obj
 0002:00000324       $SG3511                    c0003f24     main.obj
 0002:00000344       $SG3512                    c0003f44     main.obj
 0002:0000035c       $SG3513                    c0003f5c     main.obj
 0002:00000394       $SG3516                    c0003f94     main.obj
 0002:0000039c       $SG3517                    c0003f9c     main.obj
 0002:000003ac       $SG3530                    c0003fac     main.obj
 0002:000003d0       $SG3531                    c0003fd0     main.obj
 0002:00000408       $SG3532                    c0004008     main.obj
 0002:00000444       $SG3533                    c0004044     main.obj
 0002:00000468       $SG2803                    c0004068     panic.obj
 0002:00000600       $SG2817                    c0004200     panic.obj
 0002:00000724       $SG2818                    c0004324     panic.obj
 0003:0000001c       ?sickpc@@3PADA             c000461c     panic.obj
 0003:00000020       ?_kkybrd_scancode_std@@3PAHA c0004620     keyboard:kybrd.obj
 0003:00000170       ?max_atexitlist_entries@@3IA c0004770     Lib:cstd.obj
 0003:00000208       ?i@?1??volRegisterFileSystem@@YAXPAU_FILE_SYSTEM@@I@Z@4HA c0004808     fsys.obj
 0003:00000214       ?_mmngr_memory_size@@3IA   c0004814     mmngr_phys.obj
 0003:00000218       ?_mmngr_used_blocks@@3IA   c0004818     mmngr_phys.obj
 0003:0000021c       ?_mmngr_max_blocks@@3IA    c000481c     mmngr_phys.obj
 0003:00000220       ?_mmngr_memory_map@@3PAIA  c0004820     mmngr_phys.obj
 0003:0000022c       ?_scancode@@3DA            c000482c     keyboard:kybrd.obj
 0003:0000022d       ?_numlock@@3_NA            c000482d     keyboard:kybrd.obj
 0003:0000022e       ?_scrolllock@@3_NA         c000482e     keyboard:kybrd.obj
 0003:0000022f       ?_capslock@@3_NA           c000482f     keyboard:kybrd.obj
 0003:00000230       ?_shift@@3_NA              c0004830     keyboard:kybrd.obj
 0003:00000231       ?_alt@@3_NA                c0004831     keyboard:kybrd.obj
 0003:00000232       ?_ctrl@@3_NA               c0004832     keyboard:kybrd.obj
 0003:00000233       ?_kkybrd_bat_res@@3_NA     c0004833     keyboard:kybrd.obj
 0003:00000234       ?_kkybrd_diag_res@@3_NA    c0004834     keyboard:kybrd.obj
 0003:00000235       ?_kkybrd_resend_res@@3_NA  c0004835     keyboard:kybrd.obj
 0003:00000236       ?_kkybrd_disable@@3_NA     c0004836     keyboard:kybrd.obj
 0003:00000237       ?_extended@?1??i86_kybrd_irq@@YAXXZ@4_NA c0004837     keyboard:kybrd.obj
 0003:00000238       ?_CurrentDrive@@3EA        c0004838     floppydisk:flpydsk.obj
 0003:00000239       ?_FloppyDiskIRQ@@3EC       c0004839     floppydisk:flpydsk.obj
 0003:00000678       ?pf_atexitlist@@3PAP6AXXZA c0004c78     Lib:cstd.obj
 0003:0000067c       ?cur_atexitlist_entries@@3IA c0004c7c     Lib:cstd.obj
 0003:00000680       ?vender@?1??i86_cpu_get_vender@@YAPADXZ@4PADA c0004c80     Hal:cpu.obj
 0003:000006a0       ?_pit_ticks@@3IC           c0004ca0     Hal:pit.obj
 0003:000006a4       ?_pit_bIsInit@@3_NA        c0004ca4     Hal:pit.obj
 0003:000006a8       ?_idt@@3PAUidt_descriptor@@A c0004ca8     Hal:idt.obj
 0003:00000ea8       ?_idtr@@3Uidtr@@A          c00054a8     Hal:idt.obj
 0003:00000eb0       ?_gdt@@3PAUgdt_descriptor@@A c00054b0     Hal:gdt.obj
 0003:00000ec8       ?_gdtr@@3Ugdtr@@A          c00054c8     Hal:gdt.obj
 0004:00000060       $R000000                   c0005660     Resource.res
