 KRNL32

 Timestamp is 5b028ba4 (Mon May 21 13:04:36 2018)

 Preferred load address is c0000000

 Start         Length     Name                   Class
 0001:00000000 00003885H .text$mn                CODE
 0002:00000000 000007d4H .rdata                  DATA
 0002:000007d4 00000108H .rdata$zzzdbg           DATA
 0003:00000000 00000004H .CRT$XCA                DATA
 0003:00000004 00000004H .CRT$XCZ                DATA
 0003:00000008 00000178H .data                   DATA
 0003:00000180 00000ddeH .bss                    DATA
 0004:00000000 00000060H .rsrc$01                DATA
 0004:00000060 000003c0H .rsrc$02                DATA

  Address         Publics by Value              Rva+Base       Lib:Object

 0000:00000000       ___guard_longjmp_count     00000000     <absolute>
 0000:00000000       ___guard_fids_table        00000000     <absolute>
 0000:00000000       ___hybrid_code_map         00000000     <absolute>
 0000:00000000       ___guard_fids_count        00000000     <absolute>
 0000:00000000       ___guard_flags             00000000     <absolute>
 0000:00000000       ___hybrid_auxiliary_iat    00000000     <absolute>
 0000:00000000       ___enclave_config          00000000     <absolute>
 0000:00000000       ___safe_se_handler_table   00000000     <absolute>
 0000:00000000       ___dynamic_value_reloc_table 00000000     <absolute>
 0000:00000000       ___guard_iat_count         00000000     <absolute>
 0000:00000000       ___hybrid_code_map_count   00000000     <absolute>
 0000:00000000       ___guard_iat_table         00000000     <absolute>
 0000:00000000       ___guard_longjmp_table     00000000     <absolute>
 0000:00000000       ___safe_se_handler_count   00000000     <absolute>
 0001:00000000       ?DebugClrScr@@YAXE@Z       c0000400 f   DebugDisplay.obj
 0001:00000040       ?DebugGetHorz@@YAHXZ       c0000440 f   DebugDisplay.obj
 0001:00000050       ?DebugGetXY@@YAXPAI0@Z     c0000450 f   DebugDisplay.obj
 0001:00000080       ?DebugGotoXY@@YAXII@Z      c0000480 f   DebugDisplay.obj
 0001:000000c0       ?DebugPrintf@@YAHPBDZZ     c00004c0 f   DebugDisplay.obj
 0001:000001e0       ?DebugPutc@@YAXE@Z         c00005e0 f   DebugDisplay.obj
 0001:00000340       ?DebugPuts@@YAXPAD@Z       c0000740 f   DebugDisplay.obj
 0001:000004e0       ?DebugSetColor@@YAII@Z     c00008e0 f   DebugDisplay.obj
 0001:00000500       ?itoa_s@@YAXHIPAD@Z        c0000900 f   DebugDisplay.obj
 0001:00000570       ?kernel_entry@@YAXPAUmultiboot_info@@@Z c0000970 f   entry.obj
 0001:000005b0       ?alignment_check_fault@@YAXIIII@Z c00009b0 f   exception.obj
 0001:000005d0       ?bounds_check_fault@@YAXIII@Z c00009d0 f   exception.obj
 0001:000005f0       ?breakpoint_trap@@YAXIII@Z c00009f0 f   exception.obj
 0001:00000610       ?divide_by_zero_fault@@YAXIIII@Z c0000a10 f   exception.obj
 0001:00000640       ?double_fault_abort@@YAXIIII@Z c0000a40 f   exception.obj
 0001:00000660       ?fpu_fault@@YAXIII@Z       c0000a60 f   exception.obj
 0001:00000680       ?general_protection_fault@@YAXIIII@Z c0000a80 f   exception.obj
 0001:000006a0       ?invalid_opcode_fault@@YAXIII@Z c0000aa0 f   exception.obj
 0001:000006c0       ?invalid_tss_fault@@YAXIIII@Z c0000ac0 f   exception.obj
 0001:000006e0       ?machine_check_abort@@YAXIII@Z c0000ae0 f   exception.obj
 0001:00000700       ?nmi_trap@@YAXIII@Z        c0000b00 f   exception.obj
 0001:00000720       ?no_device_fault@@YAXIII@Z c0000b20 f   exception.obj
 0001:00000740       ?no_segment_fault@@YAXIIII@Z c0000b40 f   exception.obj
 0001:00000760       ?overflow_trap@@YAXIII@Z   c0000b60 f   exception.obj
 0001:00000780       ?page_fault@@YAXIIII@Z     c0000b80 f   exception.obj
 0001:000007a0       ?simd_fpu_fault@@YAXIII@Z  c0000ba0 f   exception.obj
 0001:000007c0       ?single_step_trap@@YAXIII@Z c0000bc0 f   exception.obj
 0001:000007e0       ?stack_fault@@YAXIIII@Z    c0000be0 f   exception.obj
 0001:00000800       ?volOpenFile@@YA?AU_FILE@@PBD@Z c0000c00 f   fsys.obj
 0001:000008b0       ?volReadFile@@YAXPAU_FILE@@PAEI@Z c0000cb0 f   fsys.obj
 0001:000008d0       ?volRegisterFileSystem@@YAXPAU_FILE_SYSTEM@@I@Z c0000cd0 f   fsys.obj
 0001:00000900       ?get_cmd@@YAXPADH@Z        c0000d00 f   main.obj
 0001:00000a00       ?go_user@@YAXXZ            c0000e00 f   main.obj
 0001:00000a60       ?init@@YAXPAUmultiboot_info@@@Z c0000e60 f   main.obj
 0001:00000c20       ?kmain@@YAHPAUmultiboot_info@@@Z c0001020 f   main.obj
 0001:00000c80       ?run@@YAXXZ                c0001080 f   main.obj
 0001:00000ef0       ?sleep@@YAXH@Z             c00012f0 f   main.obj
 0001:00000f10       ?mmap_first_free@@YAHXZ    c0001310 f   mmngr_phys.obj
 0001:00000f60       ?pmmngr_alloc_block@@YAPAXXZ c0001360 f   mmngr_phys.obj
 0001:00000fc0       ?pmmngr_alloc_blocks@@YAPAXI@Z c00013c0 f   mmngr_phys.obj
 0001:00001130       ?pmmngr_deinit_region@@YAXII@Z c0001530 f   mmngr_phys.obj
 0001:00001190       ?pmmngr_init@@YAXII@Z      c0001590 f   mmngr_phys.obj
 0001:000011d0       ?pmmngr_init_region@@YAXII@Z c00015d0 f   mmngr_phys.obj
 0001:00001240       ?pmmngr_load_PDBR@@YAXI@Z  c0001640 f   mmngr_phys.obj
 0001:00001250       ?pmmngr_paging_enable@@YAX_N@Z c0001650 f   mmngr_phys.obj
 0001:00001280       ?vmmngr_initialize@@YAXXZ  c0001680 f   mmngr_virtual.obj
 0001:00001360       ?kernel_panic@@YAXPBDZZ    c0001760 f   panic.obj
 0001:000013b0       ?syscall_dispatcher@@YAXXZ c00017b0 f   sysapi.obj
 0001:000013e0       ?syscall_init@@YAXXZ       c00017e0 f   sysapi.obj
 0001:00001400       ?pd_entry_add_attrib@@YAXPAII@Z c0001800 f i vmmngr_pde.obj
 0001:00001400       ?pt_entry_add_attrib@@YAXPAII@Z c0001800 f i vmmngr_pte.obj
 0001:00001410       ?pt_entry_set_frame@@YAXPAII@Z c0001810 f i vmmngr_pte.obj
 0001:00001410       ?pd_entry_set_frame@@YAXPAII@Z c0001810 f i vmmngr_pde.obj
 0001:00001430       ?i86_kybrd_irq@@YAXXZ      c0001830 f   keyboard:kybrd.obj
 0001:00001610       ?kkybrd_discard_last_key@@YAXXZ c0001a10 f   keyboard:kybrd.obj
 0001:00001620       ?kkybrd_get_last_key@@YA?AW4KEYCODE@@XZ c0001a20 f   keyboard:kybrd.obj
 0001:00001640       ?kkybrd_install@@YAXH@Z    c0001a40 f   keyboard:kybrd.obj
 0001:000016d0       ?kkybrd_key_to_ascii@@YADW4KEYCODE@@@Z c0001ad0 f   keyboard:kybrd.obj
 0001:00001860       ?kkybrd_set_leds@@YAX_N00@Z c0001c60 f   keyboard:kybrd.obj
 0001:000018b0       ?flpydsk_install@@YAXH@Z   c0001cb0 f   floppydisk:flpydsk.obj
 0001:000019d0       ?flpydsk_set_working_drive@@YAXE@Z c0001dd0 f   floppydisk:flpydsk.obj
 0001:000019f0       ?flpydsk_get_working_drive@@YAEXZ c0001df0 f   floppydisk:flpydsk.obj
 0001:00001a00       ?flpydsk_read_sector@@YAPAEH@Z c0001e00 f   floppydisk:flpydsk.obj
 0001:00001b20       ?flpydsk_lba_to_chs@@YAXHPAH00@Z c0001f20 f   floppydisk:flpydsk.obj
 0001:00001b90       ?dma_initialize_floppy@@YA_NPAEI@Z c0001f90 f   floppydisk:flpydsk.obj
 0001:00001c20       ?flpydsk_read_status@@YAEXZ c0002020 f   floppydisk:flpydsk.obj
 0001:00001c30       ?flpydsk_write_dor@@YAXE@Z c0002030 f   floppydisk:flpydsk.obj
 0001:00001c50       ?flpydsk_send_command@@YAXE@Z c0002050 f   floppydisk:flpydsk.obj
 0001:00001c90       ?flpydsk_read_data@@YAEXZ  c0002090 f   floppydisk:flpydsk.obj
 0001:00001cc0       ?flpydsk_write_ccr@@YAXE@Z c00020c0 f   floppydisk:flpydsk.obj
 0001:00001ce0       ?i86_flpy_irq@@YAXXZ       c00020e0 f   floppydisk:flpydsk.obj
 0001:00001d00       ?flpydsk_check_int@@YAXPAI0@Z c0002100 f   floppydisk:flpydsk.obj
 0001:00001db0       ?flpydsk_control_motor@@YAX_N@Z c00021b0 f   floppydisk:flpydsk.obj
 0001:00001e20       ?flpydsk_drive_data@@YAXEEE_N@Z c0002220 f   floppydisk:flpydsk.obj
 0001:00001ee0       ?flpydsk_calibrate@@YAHE@Z c00022e0 f   floppydisk:flpydsk.obj
 0001:000020a0       ?flpydsk_disable_controller@@YAXXZ c00024a0 f   floppydisk:flpydsk.obj
 0001:000020b0       ?flpydsk_enable_controller@@YAXXZ c00024b0 f   floppydisk:flpydsk.obj
 0001:000020c0       ?flpydsk_reset@@YAXXZ      c00024c0 f   floppydisk:flpydsk.obj
 0001:000021c0       ?flpydsk_read_sector_imp@@YAXEEE@Z c00025c0 f   floppydisk:flpydsk.obj
 0001:000024f0       ?flpydsk_seek@@YAHEE@Z     c00028f0 f   floppydisk:flpydsk.obj
 0001:00002670       ?ToDosFileName@@YAXPBDPADI@Z c0002a70 f   fat12:fat12.obj
 0001:00002770       ?fsysFatClose@@YAXPAU_FILE@@@Z c0002b70 f   fat12:fat12.obj
 0001:00002790       ?fsysFatDirectory@@YA?AU_FILE@@PBD@Z c0002b90 f   fat12:fat12.obj
 0001:00002850       ?fsysFatInitialize@@YAXXZ  c0002c50 f   fat12:fat12.obj
 0001:000028b0       ?fsysFatMount@@YAXXZ       c0002cb0 f   fat12:fat12.obj
 0001:00002920       ?fsysFatOpen@@YA?AU_FILE@@PBD@Z c0002d20 f   fat12:fat12.obj
 0001:00002bf0       ?fsysFatRead@@YAXPAU_FILE@@PAEI@Z c0002ff0 f   fat12:fat12.obj
 0001:00002cb0       ?memcpy@@YAPAXPAXPBXI@Z    c00030b0 f   Lib:string.obj
 0001:00002ce0       ?memset@@YAPAXPAXDI@Z      c00030e0 f   Lib:string.obj
 0001:00002d00       ?strchr@@YAPADPADH@Z       c0003100 f   Lib:string.obj
 0001:00002d30       ?strcmp@@YAHPBD0@Z         c0003130 f   Lib:string.obj
 0001:00002d80       ?strcpy@@YAPADPADPBD@Z     c0003180 f   Lib:string.obj
 0001:00002da0       ?strlen@@YAIPBD@Z          c00031a0 f   Lib:string.obj
 0001:00002db0       ?Exit@@YAXXZ               c00031b0 f   Lib:cstd.obj
 0001:00002df0       ?InitializeConstructors@@YAXXZ c00031f0 f   Lib:cstd.obj
 0001:00002e30       ?hal_initialize@@YAHXZ     c0003230 f   Hal:Hal.obj
 0001:00002e60       ?hal_shutdown@@YAHXZ       c0003260 f   Hal:Hal.obj
 0001:00002e70       ?enable@@YAXXZ             c0003270 f   Hal:Hal.obj
 0001:00002e80       ?disable@@YAXXZ            c0003280 f   Hal:Hal.obj
 0001:00002e90       ?geninterrupt@@YAXH@Z      c0003290 f   Hal:Hal.obj
 0001:00002eb0       ?inportb@@YAEG@Z           c00032b0 f   Hal:Hal.obj
 0001:00002ec0       ?outportb@@YAXGE@Z         c00032c0 f   Hal:Hal.obj
 0001:00002ed0       ?setvect@@YAXHA6AXXZH@Z    c00032d0 f   Hal:Hal.obj
 0001:00002ef0       ?getvect@@YAP6AXXZH@Z      c00032f0 f   Hal:Hal.obj
 0001:00002f10       ?sound@@YAXI@Z             c0003310 f   Hal:Hal.obj
 0001:00002f30       ?get_cpu_vender@@YAPBDXZ   c0003330 f   Hal:Hal.obj
 0001:00002f40       ?get_tick_count@@YAHXZ     c0003340 f   Hal:Hal.obj
 0001:00002f50       ?interruptdone@@YAXI@Z     c0003350 f i Hal:Hal.obj
 0001:00002f80       ?enter_usermode@@YAXXZ     c0003380 f   Hal:user.obj
 0001:00002fb0       ?tss_set_stack@@YAXGG@Z    c00033b0 f   Hal:tss.obj
 0001:00002fd0       ?install_tss@@YAXIGG@Z     c00033d0 f   Hal:tss.obj
 0001:00003060       ?flush_tss@@YAXG@Z         c0003460 f   Hal:tss.obj
 0001:00003070       ?dma_set_mode@@YAXEE@Z     c0003470 f   Hal:dma.obj
 0001:000030f0       ?dma_set_read@@YAXE@Z      c00034f0 f   Hal:dma.obj
 0001:00003100       ?dma_set_write@@YAXE@Z     c0003500 f   Hal:dma.obj
 0001:00003110       ?dma_set_address@@YAXEEE@Z c0003510 f   Hal:dma.obj
 0001:000031a0       ?dma_set_count@@YAXEEE@Z   c00035a0 f   Hal:dma.obj
 0001:00003230       ?dma_mask_channel@@YAXE@Z  c0003630 f   Hal:dma.obj
 0001:00003270       ?dma_unmask_channel@@YAXE@Z c0003670 f   Hal:dma.obj
 0001:00003290       ?dma_reset_flipflop@@YAXH@Z c0003690 f   Hal:dma.obj
 0001:000032c0       ?dma_reset@@YAXH@Z         c00036c0 f   Hal:dma.obj
 0001:000032d0       ?dma_set_external_page_register@@YAXEE@Z c00036d0 f   Hal:dma.obj
 0001:00003360       ?dma_unmask_all@@YAXH@Z    c0003760 f   Hal:dma.obj
 0001:00003380       ?i86_cpu_initialize@@YAHXZ c0003780 f   Hal:cpu.obj
 0001:000033a0       ?i86_cpu_shutdown@@YAXXZ   c00037a0 f   Hal:cpu.obj
 0001:000033b0       ?i86_cpu_get_vender@@YAPADXZ c00037b0 f   Hal:cpu.obj
 0001:000033e0       ?i86_cpu_flush_caches@@YAXXZ c00037e0 f   Hal:cpu.obj
 0001:000033f0       ?i86_cpu_flush_caches_write@@YAXXZ c00037f0 f   Hal:cpu.obj
 0001:00003400       ?i86_cpu_flush_tlb_entry@@YAXI@Z c0003800 f   Hal:cpu.obj
 0001:00003410       ?i86_pic_initialize@@YAXEE@Z c0003810 f   Hal:pic.obj
 0001:00003480       ?i86_pic_send_command@@YAXEE@Z c0003880 f i Hal:pic.obj
 0001:000034b0       ?i86_pit_send_command@@YAXE@Z c00038b0 f   Hal:pit.obj
 0001:000034c0       ?i86_pit_send_data@@YAXGE@Z c00038c0 f   Hal:pit.obj
 0001:00003500       ?i86_pit_read_data@@YAEG@Z c0003900 f   Hal:pit.obj
 0001:00003530       ?i86_pit_set_tick_count@@YAII@Z c0003930 f   Hal:pit.obj
 0001:00003540       ?i86_pit_get_tick_count@@YAIXZ c0003940 f   Hal:pit.obj
 0001:00003550       ?i86_pit_start_counter@@YAXIEE@Z c0003950 f   Hal:pit.obj
 0001:000035b0       ?i86_pit_initialize@@YAXXZ c00039b0 f   Hal:pit.obj
 0001:000035d0       ?i86_pit_is_initialized@@YA_NXZ c00039d0 f   Hal:pit.obj
 0001:000035e0       ?i86_pit_irq@@YAXXZ        c00039e0 f   Hal:pit.obj
 0001:00003610       ?i86_get_ir@@YAPAUidt_descriptor@@I@Z c0003a10 f   Hal:idt.obj
 0001:00003630       ?i86_install_ir@@YAHIGGP6AXXZ@Z c0003a30 f   Hal:idt.obj
 0001:00003680       ?i86_idt_initialize@@YAHG@Z c0003a80 f   Hal:idt.obj
 0001:00003710       ?gdt_set_descriptor@@YAXI_K0EE@Z c0003b10 f   Hal:gdt.obj
 0001:000037a0       ?i86_gdt_get_descriptor@@YAPAUgdt_descriptor@@H@Z c0003ba0 f   Hal:gdt.obj
 0001:000037c0       ?i86_gdt_initialize@@YAHXZ c0003bc0 f   Hal:gdt.obj
 0002:00000000       __xmm@00200020002000200020002000200020 c0003e00     DebugDisplay.obj
 0002:0000076c       ??_C@_05HOBJIFPH@FAT12?$AA@ c000456c     fat12:fat12.obj
 0003:00000000       ?__xc_a@@3PAP6AXXZA        c0004800     Lib:cstd.obj
 0003:00000004       ?__xc_z@@3PAP6AXXZA        c0004804     Lib:cstd.obj
 0003:00000008       ?video_memory@@3PAGA       c0004808     DebugDisplay.obj
 0003:0000000c       ?bchars@@3PADA             c000480c     DebugDisplay.obj
 0003:00000020       ?_syscalls@@3PAPAXA        c0004820     sysapi.obj
 0003:00000174       __fltused                  c0004974     Lib:cstd.obj
 0003:00000180       ?cursor_x@@3EA             c0004980     DebugDisplay.obj
 0003:00000181       ?cursor_y@@3EA             c0004981     DebugDisplay.obj
 0003:00000182       ?_color@@3EA               c0004982     DebugDisplay.obj
 0003:00000184       ?tbuf@@3PADA               c0004984     DebugDisplay.obj
 0003:000001a8       ?_FileSystems@@3PAPAU_FILE_SYSTEM@@A c00049a8     fsys.obj
 0003:00000214       ?kernelSize@@3IA           c0004a14     main.obj
 0003:00000218       ?ticks@@3HA                c0004a18     main.obj
 0003:0000022c       ?_cur_directory@@3PAUpdirectory@@A c0004a2c     mmngr_virtual.obj
 0003:00000230       ?_cur_pdbr@@3IA            c0004a30     mmngr_virtual.obj
 0003:00000234       ?idx@@3HA                  c0004a34     sysapi.obj
 0003:00000238       ?fnct@@3PAXA               c0004a38     sysapi.obj
 0003:00000250       ?_FSysFat@@3U_FILE_SYSTEM@@A c0004a50     fat12:fat12.obj
 0003:0000026c       ?_MountInfo@@3U_MOUNT_INFO@@A c0004a6c     fat12:fat12.obj
 0003:00000288       ?FAT@@3PAEA                c0004a88     fat12:fat12.obj

 entry point at        0001:00000570

 Static symbols

 0001:000001a4       $LN28                      c00005a4     DebugDisplay.obj
 0001:000001b8       $LN22                      c00005b8     DebugDisplay.obj
 0001:000015d0       $LN35                      c00019d0     keyboard:kybrd.obj
 0001:000015ec       $LN36                      c00019ec     keyboard:kybrd.obj
 0001:00001600       $LN32                      c0001a00     keyboard:kybrd.obj
 0001:000017cc       $LN38                      c0001bcc     keyboard:kybrd.obj
 0001:000017f4       $LN39                      c0001bf4     keyboard:kybrd.obj
 0001:00001824       $LN35                      c0001c24     keyboard:kybrd.obj
 0001:00001b08       $LN39                      c0001f08     floppydisk:flpydsk.obj
 0001:00001e0c       $LN19                      c000220c     floppydisk:flpydsk.obj
 0001:00002090       $LN181                     c0002490     floppydisk:flpydsk.obj
 0001:00003178       $LN15                      c0003578     Hal:dma.obj
 0001:0000320c       $LN15                      c000360c     Hal:dma.obj
 0001:00003340       $LN15                      c0003740     Hal:dma.obj
 0001:00003700       ?i86_default_handler@@YAXXZ c0003b00 f   Hal:idt.obj
 0002:00000010       $SG2761                    c0003e10     entry.obj
 0002:00000048       $SG2846                    c0003e48     exception.obj
 0002:00000090       $SG2855                    c0003e90     exception.obj
 0002:0000009c       $SG2864                    c0003e9c     exception.obj
 0002:000000a8       $SG2873                    c0003ea8     exception.obj
 0002:000000b8       $SG2882                    c0003eb8     exception.obj
 0002:000000c8       $SG2891                    c0003ec8     exception.obj
 0002:000000dc       $SG2900                    c0003edc     exception.obj
 0002:000000ec       $SG2909                    c0003eec     exception.obj
 0002:00000100       $SG2919                    c0003f00     exception.obj
 0002:00000110       $SG2929                    c0003f10     exception.obj
 0002:0000011c       $SG2939                    c0003f1c     exception.obj
 0002:0000012c       $SG2949                    c0003f2c     exception.obj
 0002:00000138       $SG2959                    c0003f38     exception.obj
 0002:00000154       $SG2974                    c0003f54     exception.obj
 0002:00000160       $SG2984                    c0003f60     exception.obj
 0002:00000170       $SG2993                    c0003f70     exception.obj
 0002:00000180       $SG3002                    c0003f80     exception.obj
 0002:00000190       $SG3460                    c0003f90     main.obj
 0002:000001a0       $SG3492                    c0003fa0     main.obj
 0002:000001e4       $SG3494                    c0003fe4     main.obj
 0002:000001fc       $SG3496                    c0003ffc     main.obj
 0002:00000228       $SG3497                    c0004028     main.obj
 0002:00000240       $SG3499                    c0004040     main.obj
 0002:00000268       $SG3500                    c0004068     main.obj
 0002:0000026c       $SG3501                    c000406c     main.obj
 0002:00000288       $SG3511                    c0004088     main.obj
 0002:000002ac       $SG3516                    c00040ac     main.obj
 0002:000002b4       $SG3519                    c00040b4     main.obj
 0002:000002bc       $SG3522                    c00040bc     main.obj
 0002:000002c0       $SG3525                    c00040c0     main.obj
 0002:000002c8       $SG3526                    c00040c8     main.obj
 0002:000002fc       $SG3527                    c00040fc     main.obj
 0002:00000314       $SG3528                    c0004114     main.obj
 0002:0000033c       $SG3529                    c000413c     main.obj
 0002:00000358       $SG3530                    c0004158     main.obj
 0002:00000378       $SG3531                    c0004178     main.obj
 0002:00000390       $SG3532                    c0004190     main.obj
 0002:000003c8       $SG3535                    c00041c8     main.obj
 0002:000003d0       $SG3536                    c00041d0     main.obj
 0002:000003e0       $SG3549                    c00041e0     main.obj
 0002:00000408       $SG3550                    c0004208     main.obj
 0002:00000440       $SG3551                    c0004240     main.obj
 0002:0000047c       $SG3552                    c000427c     main.obj
 0002:000004a0       $SG2804                    c00042a0     panic.obj
 0002:00000638       $SG2818                    c0004438     panic.obj
 0002:0000075c       $SG2819                    c000455c     panic.obj
 0003:0000001c       ?sickpc@@3PADA             c000481c     panic.obj
 0003:00000028       ?_kkybrd_scancode_std@@3PAHA c0004828     keyboard:kybrd.obj
 0003:00000178       ?max_atexitlist_entries@@3IA c0004978     Lib:cstd.obj
 0003:00000210       ?i@?1??volRegisterFileSystem@@YAXPAU_FILE_SYSTEM@@I@Z@4HA c0004a10     fsys.obj
 0003:0000021c       ?_mmngr_memory_size@@3IA   c0004a1c     mmngr_phys.obj
 0003:00000220       ?_mmngr_used_blocks@@3IA   c0004a20     mmngr_phys.obj
 0003:00000224       ?_mmngr_max_blocks@@3IA    c0004a24     mmngr_phys.obj
 0003:00000228       ?_mmngr_memory_map@@3PAIA  c0004a28     mmngr_phys.obj
 0003:0000023c       ?_scancode@@3DA            c0004a3c     keyboard:kybrd.obj
 0003:0000023d       ?_numlock@@3_NA            c0004a3d     keyboard:kybrd.obj
 0003:0000023e       ?_scrolllock@@3_NA         c0004a3e     keyboard:kybrd.obj
 0003:0000023f       ?_capslock@@3_NA           c0004a3f     keyboard:kybrd.obj
 0003:00000240       ?_shift@@3_NA              c0004a40     keyboard:kybrd.obj
 0003:00000241       ?_alt@@3_NA                c0004a41     keyboard:kybrd.obj
 0003:00000242       ?_ctrl@@3_NA               c0004a42     keyboard:kybrd.obj
 0003:00000243       ?_kkybrd_bat_res@@3_NA     c0004a43     keyboard:kybrd.obj
 0003:00000244       ?_kkybrd_diag_res@@3_NA    c0004a44     keyboard:kybrd.obj
 0003:00000245       ?_kkybrd_resend_res@@3_NA  c0004a45     keyboard:kybrd.obj
 0003:00000246       ?_kkybrd_disable@@3_NA     c0004a46     keyboard:kybrd.obj
 0003:00000247       ?_extended@?1??i86_kybrd_irq@@YAXXZ@4_NA c0004a47     keyboard:kybrd.obj
 0003:00000248       ?_CurrentDrive@@3EA        c0004a48     floppydisk:flpydsk.obj
 0003:00000249       ?_FloppyDiskIRQ@@3EC       c0004a49     floppydisk:flpydsk.obj
 0003:00000688       ?pf_atexitlist@@3PAP6AXXZA c0004e88     Lib:cstd.obj
 0003:0000068c       ?cur_atexitlist_entries@@3IA c0004e8c     Lib:cstd.obj
 0003:00000690       ?TSS@@3Utss_entry@@A       c0004e90     Hal:tss.obj
 0003:000006f8       ?vender@?1??i86_cpu_get_vender@@YAPADXZ@4PADA c0004ef8     Hal:cpu.obj
 0003:00000718       ?_pit_ticks@@3IC           c0004f18     Hal:pit.obj
 0003:0000071c       ?_pit_bIsInit@@3_NA        c0004f1c     Hal:pit.obj
 0003:00000720       ?_idt@@3PAUidt_descriptor@@A c0004f20     Hal:idt.obj
 0003:00000f20       ?_idtr@@3Uidtr@@A          c0005720     Hal:idt.obj
 0003:00000f28       ?_gdt@@3PAUgdt_descriptor@@A c0005728     Hal:gdt.obj
 0003:00000f58       ?_gdtr@@3Ugdtr@@A          c0005758     Hal:gdt.obj
 0004:00000060       $R000000                   c0005860     Resource.res
