 KRNL32

 Timestamp is 5ad210f6 (Sat Apr 14 18:32:22 2018)

 Preferred load address is 00100000

 Start         Length     Name                   Class
 0001:00000000 000000c8H .text$mn                CODE
 0002:00000000 00000054H .rdata                  DATA
 0002:00000054 00000108H .rdata$zzzdbg           DATA
 0003:00000000 00000004H .CRT$XCA                DATA
 0003:00000004 00000004H .CRT$XCZ                DATA
 0003:00000008 00000008H .data                   DATA
 0003:00000010 00000008H .bss                    DATA
 0004:00000000 00000060H .rsrc$01                DATA
 0004:00000060 00000380H .rsrc$02                DATA

  Address         Publics by Value              Rva+Base       Lib:Object

 0000:00000000       ___enclave_config          00000000     <absolute>
 0000:00000000       ___guard_fids_table        00000000     <absolute>
 0000:00000000       ___safe_se_handler_count   00000000     <absolute>
 0000:00000000       ___dynamic_value_reloc_table 00000000     <absolute>
 0000:00000000       ___safe_se_handler_table   00000000     <absolute>
 0000:00000000       ___hybrid_auxiliary_iat    00000000     <absolute>
 0000:00000000       ___guard_iat_count         00000000     <absolute>
 0000:00000000       ___guard_iat_table         00000000     <absolute>
 0000:00000000       ___guard_flags             00000000     <absolute>
 0000:00000000       ___hybrid_code_map         00000000     <absolute>
 0000:00000000       ___guard_longjmp_table     00000000     <absolute>
 0000:00000000       ___guard_fids_count        00000000     <absolute>
 0000:00000000       ___hybrid_code_map_count   00000000     <absolute>
 0000:00000000       ___guard_longjmp_count     00000000     <absolute>
 0001:00000000       ?kernel_entry@@YAXXZ       00100400 f   entry.obj
 0001:00000040       _main                      00100440 f   main.obj
 0001:00000050       ?Exit@@YAXXZ               00100450 f   Lib:cstd.obj
 0001:00000090       ?InitializeConstructors@@YAXXZ 00100490 f   Lib:cstd.obj
 0003:00000000       ?__xc_a@@3PAP6AXXZA        00100800     Lib:cstd.obj
 0003:00000004       ?__xc_z@@3PAP6AXXZA        00100804     Lib:cstd.obj
 0003:00000008       __fltused                  00100808     Lib:cstd.obj

 entry point at        0001:00000000

 Static symbols

 0003:0000000c       ?max_atexitlist_entries@@3IA 0010080c     Lib:cstd.obj
 0003:00000010       ?pf_atexitlist@@3PAP6AXXZA 00100810     Lib:cstd.obj
 0003:00000014       ?cur_atexitlist_entries@@3IA 00100814     Lib:cstd.obj
 0004:00000060       $R000000                   00100a60     Resource.res
